10-06 15:34:12.304 I/WSMEngine( 2447): ALIVE pid=2447 uid=10075 hello_magic=0x574d5348 hello_proto=2
10-06 15:34:12.304 I/WSMEngine( 2447): handshake ack written (proto=2 nonce=853a4eada3496fa7)
10-06 15:34:12.354 I/WSM     ( 2447): HANDSHAKE_OK engine_pid=2447 engine_uid=10075 state=1 caps=0x0 build=wsm-v2.0.0-poc1 abi=x86_64
10-06 15:34:40.526 I/WSM     ( 2500): [com.kakaogames.gdts] pre-staged payload=30520 B fnv64=993b81572d15105f staging=deferred_to_post
10-06 15:34:40.526 I/WSM     ( 2500): [com.kakaogames.gdts] pre-staged dex=3516 B
10-06 15:34:40.551 I/WSM     ( 2500): [com.kakaogames.gdts] dex staged 3516 B fd=57
10-06 15:34:40.551 I/WSM     ( 2500): post staged+signaled pid=2500 chan_fd=58 payload_fd=56
10-06 15:34:40.554 I/WSMEngine( 2500): JNI_OnLoad received (build=wsm-v2.0.0-poc1 abi=x86_64)
10-06 15:34:40.554 I/WSM     ( 2500): ENGINE_DLOPEN ok /proc/self/fd/56 handle=0x9139ff417ec78287 jni_ver=0x10006 (payload 30520 B fnv64=993b81572d15105f)
10-06 15:34:40.555 I/WSMEngine( 2500): ALIVE pid=2500 uid=10075 hello_magic=0x574d5348 hello_proto=2
10-06 15:34:40.555 I/WSMEngine( 2500): handshake ack written (proto=2 nonce=d2e20b6b2e6f23c5)
10-06 15:34:40.605 I/WSM     ( 2500): HANDSHAKE_OK engine_pid=2500 engine_uid=10075 state=1 caps=0x0 build=wsm-v2.0.0-poc1 abi=x86_64
10-06 15:34:41.817 I/WSMEngine( 2500): probe: fixture class absent or app not ready (expected in game)
10-06 15:34:42.822 I/WSMEngine( 2500): il2cpp mapline: 7246b5dae000-7246c0000000 r--p 00000000 08:12 655620                     /data/app/~~MEJXipe6MJTSfhDhSGmJ_Q==/com.kakaogames.gdts-VSP1KOCPWBeik-Q5R4Zc2g==/lib/arm64/libil2cpp.so
10-06 15:34:43.843 I/WSMEngine( 2500): elf parsed at candidate base=0x400022c00000 (#1/1)
10-06 15:34:55.930 I/WSMEngine( 2500): probe done: libil2cpp base=0x400022c00000 elf sym 13/14 miss:il2cpp_method_get_pointer  | dom=0x7247d2205fc0 asm=0x724690280e60 img=0x72469027e430 cls=0x7246931be6c0 mth=0x724693a40938 fld=0x724693a40b78 off=8 sval=0x0 | inst=0x0 smdt=0.0000(has=-1) modsN=-1
10-06 15:34:55.930 I/WSMEngine( 2500): WATCH static: mods=0x0 instance=0x0 smdt=0.0000(has=-1) modsN=-1 (t=0s)
10-06 15:34:55.930 I/WSMEngine( 2500): CTL thread up (paths=3)
10-06 15:34:56.141 I/WSM     ( 2500): PROBE stage=2 base=0x400022c00000 :: LIVE base=0x400022c00000 cls=0x7246931be6c0 fld=0x724693a40b78 off=8 | mods=0x0 instance=0x0 smdt=0.0000(has=-1) modsN=-1 (t=0s)
10-06 15:34:56.943 I/WSMEngine( 2500): CTL[0] clearmods -> ERR not-ready
10-06 15:35:01.936 I/WSMEngine( 2500): MENU dex loaded (wsm.WsmMenu)
10-06 15:35:01.936 I/WSMEngine( 2500): MENU native registered
10-06 15:35:01.944 I/WSMEngine( 2500): MENU show threw
10-06 15:35:10.030 I/WSMEngine( 2500): WATCH alive: mods=0x0 instance=0x0
10-06 15:35:17.908 I/WSMEngine( 2500): WATCH alive: mods=0x0 instance=0x0
