10-06 15:51:10.316 I/WSM     ( 4552): [com.kakaogames.gdts] pre-staged payload=32008 B fnv64=ad1e750ad6f5bc22 staging=deferred_to_post
10-06 15:51:10.316 I/WSM     ( 4552): [com.kakaogames.gdts] pre-staged dex=6152 B
10-06 15:51:10.373 I/WSM     ( 4552): [com.kakaogames.gdts] dex staged 6152 B fd=57
10-06 15:51:10.373 I/WSM     ( 4552): post staged+signaled pid=4552 chan_fd=58 payload_fd=56
10-06 15:51:10.375 I/WSMEngine( 4552): JNI_OnLoad received (build=wsm-v2.0.0-poc1 abi=x86_64)
10-06 15:51:10.375 I/WSM     ( 4552): ENGINE_DLOPEN ok /proc/self/fd/56 handle=0x6e124329fb5ad873 jni_ver=0x10006 (payload 32008 B fnv64=ad1e750ad6f5bc22)
10-06 15:51:10.375 I/WSMEngine( 4552): ALIVE pid=4552 uid=10075 hello_magic=0x574d5348 hello_proto=2
10-06 15:51:10.375 I/WSMEngine( 4552): handshake ack written (proto=2 nonce=bef7d827d5755bd2)
10-06 15:51:10.426 I/WSM     ( 4552): HANDSHAKE_OK engine_pid=4552 engine_uid=10075 state=1 caps=0x0 build=wsm-v2.0.0-poc1 abi=x86_64
10-06 15:51:38.552 I/WSM     ( 4594): [com.kakaogames.gdts] pre-staged payload=32008 B fnv64=ad1e750ad6f5bc22 staging=deferred_to_post
10-06 15:51:38.552 I/WSM     ( 4594): [com.kakaogames.gdts] pre-staged dex=6152 B
10-06 15:51:38.566 I/WSM     ( 4594): [com.kakaogames.gdts] dex staged 6152 B fd=57
10-06 15:51:38.566 I/WSM     ( 4594): post staged+signaled pid=4594 chan_fd=58 payload_fd=56
10-06 15:51:38.569 I/WSMEngine( 4594): JNI_OnLoad received (build=wsm-v2.0.0-poc1 abi=x86_64)
10-06 15:51:38.569 I/WSM     ( 4594): ENGINE_DLOPEN ok /proc/self/fd/56 handle=0x1086e78fb56fb649 jni_ver=0x10006 (payload 32008 B fnv64=ad1e750ad6f5bc22)
10-06 15:51:38.573 I/WSMEngine( 4594): ALIVE pid=4594 uid=10075 hello_magic=0x574d5348 hello_proto=2
10-06 15:51:38.573 I/WSMEngine( 4594): handshake ack written (proto=2 nonce=8b579720da0ec789)
10-06 15:51:38.619 I/WSM     ( 4594): HANDSHAKE_OK engine_pid=4594 engine_uid=10075 state=1 caps=0x0 build=wsm-v2.0.0-poc1 abi=x86_64
10-06 15:51:39.586 I/WSMEngine( 4594): probe: fixture class absent or app not ready (expected in game)
10-06 15:51:40.592 I/WSMEngine( 4594): il2cpp mapline: 7246b5dae000-7246c0000000 r--p 00000000 08:12 655620                     /data/app/~~MEJXipe6MJTSfhDhSGmJ_Q==/com.kakaogames.gdts-VSP1KOCPWBeik-Q5R4Zc2g==/lib/arm64/libil2cpp.so
10-06 15:51:41.597 I/WSMEngine( 4594): elf parsed at candidate base=0x400022c00000 (#1/1)
10-06 15:51:53.612 I/WSMEngine( 4594): probe done: libil2cpp base=0x400022c00000 elf sym 13/14 miss:il2cpp_method_get_pointer  | dom=0x7247d2205fc0 asm=0x7246a0280e60 img=0x7246a027e430 cls=0x7246a31be6c0 mth=0x7246a3a40938 fld=0x7246a3a40b78 off=8 sval=0x0 | inst=0x0 smdt=0.0000(has=-1) modsN=-1
10-06 15:51:53.613 I/WSMEngine( 4594): WATCH static: mods=0x0 instance=0x0 smdt=0.0000(has=-1) modsN=-1 (t=0s)
10-06 15:51:53.613 I/WSMEngine( 4594): CTL thread up (paths=3)
10-06 15:51:53.639 I/WSM     ( 4594): PROBE stage=2 base=0x400022c00000 :: LIVE base=0x400022c00000 cls=0x7246a31be6c0 fld=0x7246a3a40b78 off=8 | mods=0x0 instance=0x0 smdt=0.0000(has=-1) modsN=-1 (t=0s)
10-06 15:51:54.618 I/WSMEngine( 4594): CTL[0] clearmods -> ERR not-ready
10-06 15:51:59.631 I/WSMEngine( 4594): MENU dex loaded (wsm.WsmMenu)
10-06 15:51:59.631 I/WSMEngine( 4594): MENU native registered
10-06 15:51:59.648 I/WSMEngine( 4594): MENU showInActivity called
10-06 15:52:03.891 I/WSMEngine( 4594): WATCH alive: mods=0x0 instance=0x0
10-06 15:52:10.032 I/WSMEngine( 4594): WATCH alive: mods=0x0 instance=0x0
10-06 15:54:14.042 I/WSMEngine( 4594): WATCH alive: mods=0x0 instance=0x0
10-06 15:54:15.543 I/WSMEngine( 4594): MENU exec: mod 2 wsm -> ERR instance-null (masuk gameplay dulu)
10-06 15:54:18.913 I/WSMEngine( 4594): MENU exec: status -> STATUS instance=0x0 modsN=0
