10-06 17:31:22.933 I/WSMEngine( 9104): MENU exec: status -> STATUS instance=0x0 modsN=0 feats=[-]
10-06 17:31:28.947 I/WSMEngine( 9104): MENU exec: status -> STATUS instance=0x0 modsN=0 feats=[-]
10-06 17:31:30.119 I/WSMEngine( 9104): FEAT apply v=1 chars=1
10-06 17:31:34.962 I/WSMEngine( 9104): MENU exec: status -> STATUS instance=0x0 modsN=0 feats=[-]
10-06 17:31:35.459 I/WSMEngine( 9104): INVOKE get_Instance -> 0x7b1f4e2c4800 match_static=1
10-06 17:31:35.459 I/WSMEngine( 9104): WATCH static: mods=0x7b1f4ca70e10 instance=0x7b1f4e2c4800 smdt=0.0000(has=0) modsN=0 (t=672s)
10-06 17:31:35.521 I/WSMEngine( 9104): FEAT guard: +1 faulted (total=1)
10-06 17:31:40.973 I/WSMEngine( 9104): MENU exec: status -> STATUS instance=0x7b1f4e2c4800 modsN=0 feats=[-]
10-06 17:31:43.460 I/WSMEngine( 9104): WATCH guard: 1 faulted call(s) skipped (total=1, t=680s)
10-06 17:31:46.987 I/WSMEngine( 9104): MENU exec: status -> STATUS instance=0x7b1f4e2c4800 modsN=0 feats=[-]
10-06 17:31:53.000 I/WSMEngine( 9104): MENU exec: status -> STATUS instance=0x7b1f4e2c4800 modsN=0 feats=[-]
10-06 17:31:59.014 I/WSMEngine( 9104): MENU exec: status -> STATUS instance=0x7b1f4e2c4800 modsN=0 feats=[-]
10-06 17:32:05.026 I/WSMEngine( 9104): MENU exec: status -> STATUS instance=0x7b1f4e2c4800 modsN=0 feats=[-]
10-06 17:32:11.038 I/WSMEngine( 9104): MENU exec: status -> STATUS instance=0x7b1f4e2c4800 modsN=0 feats=[-]
10-06 17:32:11.437 I/WSMEngine( 9104): CTL[0] feat god 1 -> OK feat=god ON chars=1 mask=0x3
10-06 17:32:14.437 I/WSMEngine( 9104): CTL[0] featdiag -> FEATDIAG resolve=1 stage=0x7b1f4b087000 cmgr=0x7b1f3e088270 players=0x7b1f4afed1b0 size=1 obj0=0x7b1f4b6dad20 objcls=Character statsM=0x7b219c4cd000(1) statscls=CharacterStatsBehaviour opts=0x3(1) faults=0
10-06 17:32:17.052 I/WSMEngine( 9104): MENU exec: status -> STATUS instance=0x7b1f4e2c4800 modsN=0 feats=[god,]
10-06 17:32:23.065 I/WSMEngine( 9104): MENU exec: status -> STATUS instance=0x7b1f4e2c4800 modsN=0 feats=[god,]
10-06 17:32:23.466 I/WSMEngine( 9104): WATCH alive: mods=0x7b1f4ca70e10 instance=0x7b1f4e2c4800
10-06 17:32:29.078 I/WSMEngine( 9104): MENU exec: status -> STATUS instance=0x7b1f4e2c4800 modsN=0 feats=[god,]
10-06 17:32:35.093 I/WSMEngine( 9104): MENU exec: status -> STATUS instance=0x7b1f4e2c4800 modsN=0 feats=[god,]
10-06 17:32:41.106 I/WSMEngine( 9104): MENU exec: status -> STATUS instance=0x7b1f4e2c4800 modsN=0 feats=[god,]
10-06 17:32:47.118 I/WSMEngine( 9104): MENU exec: status -> STATUS instance=0x7b1f4e2c4800 modsN=1 feats=[god,]
10-06 17:32:53.131 I/WSMEngine( 9104): MENU exec: status -> STATUS instance=0x7b1f4e2c4800 modsN=0 feats=[god,]
10-06 17:32:59.144 I/WSMEngine( 9104): MENU exec: status -> STATUS instance=0x7b1f4e2c4800 modsN=0 feats=[god,]
10-06 17:33:05.148 I/WSMEngine( 9104): MENU exec: status -> STATUS instance=0x7b1f4e2c4800 modsN=0 feats=[god,]
10-06 17:33:11.154 I/WSMEngine( 9104): MENU exec: status -> STATUS instance=0x7b1f4e2c4800 modsN=0 feats=[god,]
10-06 17:33:17.167 I/WSMEngine( 9104): MENU exec: status -> STATUS instance=0x7b1f4e2c4800 modsN=0 feats=[god,]
10-06 17:33:23.180 I/WSMEngine( 9104): MENU exec: status -> STATUS instance=0x7b1f4e2c4800 modsN=0 feats=[god,]
10-06 17:33:27.482 I/WSMEngine( 9104): CTL[0] feat stam 1 -> OK feat=stam ON chars=1 mask=0x3
10-06 17:33:29.194 I/WSMEngine( 9104): MENU exec: status -> STATUS instance=0x7b1f4e2c4800 modsN=0 feats=[god,stam,]
10-06 17:33:30.483 I/WSMEngine( 9104): CTL[0] status -> STATUS instance=0x7b1f4e2c4800 modsN=0 feats=[god,stam,]
10-06 17:33:35.207 I/WSMEngine( 9104): MENU exec: status -> STATUS instance=0x7b1f4e2c4800 modsN=0 feats=[god,stam,]
10-06 17:33:41.219 I/WSMEngine( 9104): MENU exec: status -> STATUS instance=0x7b1f4e2c4800 modsN=0 feats=[god,stam,]
10-06 17:33:47.232 I/WSMEngine( 9104): MENU exec: status -> STATUS instance=0x7b1f4e2c4800 modsN=0 feats=[god,stam,]
10-06 17:33:53.246 I/WSMEngine( 9104): MENU exec: status -> STATUS instance=0x7b1f4e2c4800 modsN=0 feats=[god,stam,]
10-06 17:33:59.262 I/WSMEngine( 9104): MENU exec: status -> STATUS instance=0x7b1f4e2c4800 modsN=0 feats=[god,stam,]
10-06 17:34:05.273 I/WSMEngine( 9104): MENU exec: status -> STATUS instance=0x7b1f4e2c4800 modsN=0 feats=[god,stam,]
10-06 17:34:11.285 I/WSMEngine( 9104): MENU exec: status -> STATUS instance=0x7b1f4e2c4800 modsN=0 feats=[god,stam,]
10-06 17:34:17.298 I/WSMEngine( 9104): MENU exec: status -> STATUS instance=0x7b1f4e2c4800 modsN=0 feats=[god,stam,]
10-06 17:34:23.312 I/WSMEngine( 9104): MENU exec: status -> STATUS instance=0x7b1f4e2c4800 modsN=0 feats=[god,stam,]
10-06 17:34:29.325 I/WSMEngine( 9104): MENU exec: status -> STATUS instance=0x7b1f4e2c4800 modsN=0 feats=[god,stam,]
10-06 17:34:35.338 I/WSMEngine( 9104): MENU exec: status -> STATUS instance=0x7b1f4e2c4800 modsN=0 feats=[god,stam,]
10-06 17:34:41.353 I/WSMEngine( 9104): MENU exec: status -> STATUS instance=0x7b1f4e2c4800 modsN=0 feats=[god,stam,]
10-06 17:34:47.365 I/WSMEngine( 9104): MENU exec: status -> STATUS instance=0x7b1f4e2c4800 modsN=0 feats=[god,stam,]
10-06 17:34:53.377 I/WSMEngine( 9104): MENU exec: status -> STATUS instance=0x7b1f4e2c4800 modsN=0 feats=[god,stam,]
10-06 17:34:56.519 I/WSMEngine( 9104): CTL[0] feat mana 1 -> OK feat=mana ON chars=1 mask=0x3
10-06 17:34:59.391 I/WSMEngine( 9104): MENU exec: status -> STATUS instance=0x7b1f4e2c4800 modsN=0 feats=[god,stam,mana,]
10-06 17:34:59.521 I/WSMEngine( 9104): CTL[0] status -> STATUS instance=0x7b1f4e2c4800 modsN=0 feats=[god,stam,mana,]
10-06 17:35:05.403 I/WSMEngine( 9104): MENU exec: status -> STATUS instance=0x7b1f4e2c4800 modsN=0 feats=[god,stam,mana,]
10-06 17:35:11.417 I/WSMEngine( 9104): MENU exec: status -> STATUS instance=0x7b1f4e2c4800 modsN=0 feats=[god,stam,mana,]
10-06 17:35:17.430 I/WSMEngine( 9104): MENU exec: status -> STATUS instance=0x7b1f4e2c4800 modsN=0 feats=[god,stam,mana,]
10-06 17:35:23.443 I/WSMEngine( 9104): MENU exec: status -> STATUS instance=0x7b1f4e2c4800 modsN=0 feats=[god,stam,mana,]
10-06 17:35:29.458 I/WSMEngine( 9104): MENU exec: status -> STATUS instance=0x7b1f4e2c4800 modsN=0 feats=[god,stam,mana,]
10-06 17:35:35.469 I/WSMEngine( 9104): MENU exec: status -> STATUS instance=0x7b1f4e2c4800 modsN=0 feats=[god,stam,mana,]
10-06 17:35:41.483 I/WSMEngine( 9104): MENU exec: status -> STATUS instance=0x7b1f4e2c4800 modsN=0 feats=[god,stam,mana,]
10-06 17:35:47.496 I/WSMEngine( 9104): MENU exec: status -> STATUS instance=0x7b1f4e2c4800 modsN=0 feats=[god,stam,mana,]
10-06 17:35:53.509 I/WSMEngine( 9104): MENU exec: status -> STATUS instance=0x7b1f4e2c4800 modsN=0 feats=[god,stam,mana,]
10-06 17:35:59.523 I/WSMEngine( 9104): MENU exec: status -> STATUS instance=0x7b1f4e2c4800 modsN=0 feats=[god,stam,mana,]
10-06 17:36:05.536 I/WSMEngine( 9104): MENU exec: status -> STATUS instance=0x7b1f4e2c4800 modsN=0 feats=[god,stam,mana,]
10-06 17:36:06.555 I/WSMEngine( 9104): CTL[0] feat immune 1 -> OK feat=immune ON chars=1 mask=0xe3
10-06 17:36:11.549 I/WSMEngine( 9104): MENU exec: status -> STATUS instance=0x7b1f4e2c4800 modsN=0 feats=[god,stam,mana,immune,]
10-06 17:36:15.560 I/WSMEngine( 9104): CTL[0] status -> STATUS instance=0x7b1f4e2c4800 modsN=0 feats=[god,stam,mana,immune,]
10-06 17:36:17.562 I/WSMEngine( 9104): MENU exec: status -> STATUS instance=0x7b1f4e2c4800 modsN=0 feats=[god,stam,mana,immune,]
10-06 17:36:23.492 I/WSMEngine( 9104): WATCH alive: mods=0x7b1f4ca70e10 instance=0x7b1f4e2c4800
10-06 17:36:23.577 I/WSMEngine( 9104): MENU exec: status -> STATUS instance=0x7b1f4e2c4800 modsN=0 feats=[god,stam,mana,immune,]
10-06 17:36:29.588 I/WSMEngine( 9104): MENU exec: status -> STATUS instance=0x7b1f4e2c4800 modsN=0 feats=[god,stam,mana,immune,]
10-06 17:36:35.601 I/WSMEngine( 9104): MENU exec: status -> STATUS instance=0x7b1f4e2c4800 modsN=0 feats=[god,stam,mana,immune,]
10-06 17:36:37.569 I/WSMEngine( 9104): CTL[0] feat poise 1 -> OK feat=poise ON chars=1 mask=0xf7
10-06 17:36:41.614 I/WSMEngine( 9104): MENU exec: status -> STATUS instance=0x7b1f4e2c4800 modsN=0 feats=[god,stam,mana,poise,immune,]
10-06 17:36:47.627 I/WSMEngine( 9104): MENU exec: status -> STATUS instance=0x7b1f4e2c4800 modsN=0 feats=[god,stam,mana,poise,immune,]
10-06 17:36:48.573 I/WSMEngine( 9104): CTL[0] status -> STATUS instance=0x7b1f4e2c4800 modsN=0 feats=[god,stam,mana,poise,immune,]
10-06 17:36:53.641 I/WSMEngine( 9104): MENU exec: status -> STATUS instance=0x7b1f4e2c4800 modsN=0 feats=[god,stam,mana,poise,immune,]
10-06 17:36:59.654 I/WSMEngine( 9104): MENU exec: status -> STATUS instance=0x7b1f4e2c4800 modsN=0 feats=[god,stam,mana,poise,immune,]
10-06 17:37:05.667 I/WSMEngine( 9104): MENU exec: status -> STATUS instance=0x7b1f4e2c4800 modsN=0 feats=[god,stam,mana,poise,immune,]
10-06 17:37:11.680 I/WSMEngine( 9104): MENU exec: status -> STATUS instance=0x7b1f4e2c4800 modsN=0 feats=[god,stam,mana,poise,immune,]
