10-06 09:33:28.177   398  2496 I ActivityTaskManager: START u0 {flg=0x10000000 cmp=com.wsm.fixture/.MainActivity} with LAUNCH_MULTIPLE from uid 2000 (BAL_ALLOW_PERMISSION) result code=0
10-06 09:33:28.195   603   683 V WindowManagerShell: Transition requested: android.os.BinderProxy@8ff1275 TransitionRequestInfo { type = 1, triggerTask = TaskInfo{userId=0 taskId=7 displayId=0 isRunning=true baseIntent=Intent { flg=0x10000000 cmp=com.wsm.fixture/.MainActivity } baseActivity=ComponentInfo{com.wsm.fixture/com.wsm.fixture.MainActivity} topActivity=ComponentInfo{com.wsm.fixture/com.wsm.fixture.MainActivity} origActivity=null realActivity=ComponentInfo{com.wsm.fixture/com.wsm.fixture.MainActivity} numActivities=1 lastActiveTime=2146612 supportsMultiWindow=true resizeMode=1 isResizeable=true minWidth=-1 minHeight=-1 defaultMinSize=220 token=WCT{android.window.IWindowContainerToken$Stub$Proxy@7b8b20a} topActivityType=1 pictureInPictureParams=null shouldDockBigOverlays=false launchIntoPipHostTaskId=-1 lastParentTaskIdBeforePip=-1 displayCutoutSafeInsets=null topActivityInfo=ActivityInfo{d9f0a7b com.wsm.fixture.MainActivity} launchCookies=[] positionInParent=Point(0, 0) parentTaskId=-1 isFocused=false isVisible=false isVisibleRequested=false isSleeping=false topActivityInSizeCompat=false topActivityEligibleForLetterboxEducation= false isLetterboxDoubleTapEnabled= false topActivityEligibleForUserAspectRatioButton= false topActivityBoundsLetterboxed= false isFromLetterboxDoubleTap= false topActivityLetterboxVerticalPosition= -1 topActivityLetterboxHorizontalPosition= -1 topActivityLetterboxWidth=-1 topActivityLetterboxHeight=-1 isUserFullscreenOverrideEnabled=false isTopActivityTransparent=false locusId=null displayAreaFeatureId=1 cameraCompatControlState=hidden}, remoteTransition = null, displayChange = null, flags = 0 }
10-06 09:33:28.263   398   426 I ActivityManager: Start proc 3134:com.wsm.fixture/u0a76 for next-top-activity {com.wsm.fixture/com.wsm.fixture.MainActivity}
10-06 09:33:28.286  3134  3134 E WSM     : [com.wsm.fixture] exemptFd(payload) failed — load path aborted
10-06 09:33:28.360  3134  3134 I com.wsm.fixture: Late-enabling -Xcheck:jni
10-06 09:33:28.377  3134  3134 I com.wsm.fixture: Using CollectorTypeCC GC.
10-06 09:33:28.405   603   796 D nativeloader: Configuring clns-7 for other apk . target_sdk_version=34, uses_libraries=, library_path=/data/app/~~adjzm6T1X01uSmUeSKnG7g==/com.wsm.fixture-gUmF5aUGePGXNTcXWlW5cg==/lib/x86_64, permitted_path=/data:/mnt/expand
10-06 09:33:28.430   398   748 D CoreBackPreview: Window{139a612 u0 Splash Screen com.wsm.fixture}: Setting back callback OnBackInvokedCallbackInfo{mCallback=android.window.IOnBackInvokedCallback$Stub$Proxy@185ca99, mPriority=0, mIsAnimationCallback=false}
10-06 09:33:28.522   398   414 V WindowManager: Sent Transition #4 createdAt=10-06 09:33:28.126 via request=TransitionRequestInfo { type = 1, triggerTask = TaskInfo{userId=0 taskId=7 displayId=0 isRunning=true baseIntent=Intent { flg=0x10000000 cmp=com.wsm.fixture/.MainActivity } baseActivity=ComponentInfo{com.wsm.fixture/com.wsm.fixture.MainActivity} topActivity=ComponentInfo{com.wsm.fixture/com.wsm.fixture.MainActivity} origActivity=null realActivity=ComponentInfo{com.wsm.fixture/com.wsm.fixture.MainActivity} numActivities=1 lastActiveTime=2146612 supportsMultiWindow=true resizeMode=1 isResizeable=true minWidth=-1 minHeight=-1 defaultMinSize=220 token=WCT{RemoteToken{b972a5b Task{ebd0ae5 #7 type=standard A=10076:com.wsm.fixture}}} topActivityType=1 pictureInPictureParams=null shouldDockBigOverlays=false launchIntoPipHostTaskId=-1 lastParentTaskIdBeforePip=-1 displayCutoutSafeInsets=null topActivityInfo=ActivityInfo{ba6f2f8 com.wsm.fixture.MainActivity} launchCookies=[] positionInParent=Point(0, 0) parentTaskId=-1 isFocused=false isVisible=false isVisibleRequested=false isSleeping=false topActivityInSizeCompat=false topActivityEligibleForLetterboxEducation= false isLetterboxDoubleTapEnabled= false topActivityEligibleForUserAspectRatioButton= false topActivityBoundsLetterboxed= false isFromLetterboxDoubleTap= false topActivityLetterboxVerticalPosition= -1 topActivityLetterboxHorizontalPosition= -1 topActivityLetterboxWidth=-1 topActivityLetterboxHeight=-1 isUserFullscreenOverrideEnabled=false isTopActivityTransparent=false locusId=null displayAreaFeatureId=1 cameraCompatControlState=hidden}, remoteTransition = null, displayChange = null, flags = 0 }
10-06 09:33:28.522   398   414 V WindowManager:     info={id=4 t=OPEN f=0x0 trk=0 r=[0@Point(0, 0)] c=[{WCT{RemoteToken{b972a5b Task{ebd0ae5 #7 type=standard A=10076:com.wsm.fixture}}} m=OPEN f=NONE leash=Surface(name=Task=7)/@0x66e393f sb=Rect(0, 0 - 1600, 900) eb=Rect(0, 0 - 1600, 900) d=0},{WCT{RemoteToken{7ed33d1 Task{1bf5732 #1 type=home}}} m=TO_BACK f=SHOW_WALLPAPER leash=Surface(name=Task=1)/@0x508115e sb=Rect(0, 0 - 1600, 900) eb=Rect(0, 0 - 1600, 900) d=0}]}
10-06 09:33:28.745  3134  3134 W ziparchive: Unable to open '/data/app/~~adjzm6T1X01uSmUeSKnG7g==/com.wsm.fixture-gUmF5aUGePGXNTcXWlW5cg==/base.dm': No such file or directory
10-06 09:33:28.745  3134  3134 W ziparchive: Unable to open '/data/app/~~adjzm6T1X01uSmUeSKnG7g==/com.wsm.fixture-gUmF5aUGePGXNTcXWlW5cg==/base.dm': No such file or directory
10-06 09:33:28.749  3134  3134 D nativeloader: Configuring clns-6 for other apk /data/app/~~adjzm6T1X01uSmUeSKnG7g==/com.wsm.fixture-gUmF5aUGePGXNTcXWlW5cg==/base.apk. target_sdk_version=34, uses_libraries=, library_path=/data/app/~~adjzm6T1X01uSmUeSKnG7g==/com.wsm.fixture-gUmF5aUGePGXNTcXWlW5cg==/lib/x86_64, permitted_path=/data:/mnt/expand:/data/user/0/com.wsm.fixture
10-06 09:33:28.779  3134  3134 V GraphicsEnvironment: ANGLE GameManagerService for com.wsm.fixture: false
10-06 09:33:28.779  3134  3134 V GraphicsEnvironment: com.wsm.fixture is not listed in per-application setting
10-06 09:33:28.881  3134  3134 I WSMFixture: activity created pid=3134
10-06 09:33:28.920   398  2496 D CoreBackPreview: Window{528a0d4 u0 com.wsm.fixture/com.wsm.fixture.MainActivity}: Setting back callback OnBackInvokedCallbackInfo{mCallback=android.window.IOnBackInvokedCallback$Stub$Proxy@6d9572, mPriority=0, mIsAnimationCallback=false}
10-06 09:33:28.970  3134  3155 I com.wsm.fixture: fastpipe: Connect success
10-06 09:33:28.972  3134  3155 I com.wsm.fixture: fastpipe: Connect success
10-06 09:33:28.973  3134  3155 D HostConnection: HostRPC::connect sucess: app=com.wsm.fixture, pid=3134, tid=3155, this=0x7ab99eac6940
10-06 09:33:28.976  3134  3155 D HostConnection: queryAndSetGLESMaxVersion select gles-version: 3.1 hostGLVersion:46 process:com.wsm.fixture
10-06 09:33:29.061  3134  3159 I com.wsm.fixture: fastpipe: Connect success
10-06 09:33:29.061  3134  3159 D HostConnection: HostRPC::connect sucess: app=com.wsm.fixture, pid=3134, tid=3159, this=0x7ab952882940
10-06 09:33:29.062  3134  3159 D HostConnection: queryAndSetGLESMaxVersion select gles-version: 3.1 hostGLVersion:46 process:com.wsm.fixture
10-06 09:33:29.067  3134  3159 I com.wsm.fixture: fastpipe: close connect
10-06 09:33:29.089   398   414 W ziparchive: Unable to open '/data/app/~~adjzm6T1X01uSmUeSKnG7g==/com.wsm.fixture-gUmF5aUGePGXNTcXWlW5cg==/base.dm': No such file or directory
10-06 09:33:29.097   398   414 I ActivityTaskManager: Displayed com.wsm.fixture/.MainActivity for user 0: +991ms
10-06 09:33:29.105   398  2424 I ImeTracker: com.wsm.fixture:523ccfc8: onRequestHide at ORIGIN_SERVER_HIDE_INPUT reason HIDE_UNSPECIFIED_WINDOW
10-06 09:33:29.105   398  2424 I ImeTracker: com.wsm.fixture:523ccfc8: onCancelled at PHASE_SERVER_SHOULD_HIDE
10-06 09:33:29.480   398  2424 D CoreBackPreview: Window{139a612 u0 Splash Screen com.wsm.fixture EXITING}: Setting back callback null
10-06 09:33:29.480   398   748 W InputManager-JNI: Input channel object '139a612 Splash Screen com.wsm.fixture (client)' was disposed without first being removed with the input manager!
