--------- beginning of main
10-07 11:33:58.964  2412  2412 I WSM     : [com.kakaogames.gdts] pre-staged payload=203760 B fnv64=8663fd1775bab767 staging=deferred_to_post
10-07 11:33:58.970  2412  2412 I WSM     : [com.kakaogames.gdts] pre-staged dex=26552 B
10-07 11:33:59.052  2412  2412 I WSM     : [com.kakaogames.gdts] dex staged 26552 B fd=56
10-07 11:33:59.052  2412  2412 I WSM     : post staged+signaled pid=2412 chan_fd=58 payload_fd=55
10-07 11:33:59.056  2412  2419 I WSMEngine: JNI_OnLoad received (build=wsm-v6.0.0 abi=x86_64)
10-07 11:33:59.056  2412  2419 I WSM     : ENGINE_DLOPEN ok /proc/self/fd/55 handle=0x267dbe80d8e8b865 jni_ver=0x10006 (payload 203760 B fnv64=8663fd1775bab767)
10-07 11:33:59.056  2412  2426 I WSMEngine: ALIVE pid=2412 uid=10075 hello_magic=0x574d5348 hello_proto=3
10-07 11:33:59.056  2412  2426 I WSMEngine: handshake ack written (proto=3 nonce=e24f5a03ff1ecf56)
10-07 11:33:59.106  2412  2419 I WSM     : HANDSHAKE_OK engine_pid=2412 engine_uid=10075 state=1 caps=0x0 build=wsm-v6.0.0 abi=x86_64
10-07 11:34:46.652  2534  2534 I WSM     : [com.kakaogames.gdts] pre-staged payload=203760 B fnv64=8663fd1775bab767 staging=deferred_to_post
10-07 11:34:46.653  2534  2534 I WSM     : [com.kakaogames.gdts] pre-staged dex=26552 B
10-07 11:34:46.674  2534  2534 I WSM     : [com.kakaogames.gdts] dex staged 26552 B fd=56
10-07 11:34:46.674  2534  2534 I WSM     : post staged+signaled pid=2534 chan_fd=58 payload_fd=55
10-07 11:34:46.675  2534  2541 I WSMEngine: JNI_OnLoad received (build=wsm-v6.0.0 abi=x86_64)
10-07 11:34:46.675  2534  2541 I WSM     : ENGINE_DLOPEN ok /proc/self/fd/55 handle=0xc3ca95d05d4aa2f jni_ver=0x10006 (payload 203760 B fnv64=8663fd1775bab767)
10-07 11:34:46.676  2534  2542 I WSMEngine: ALIVE pid=2534 uid=10075 hello_magic=0x574d5348 hello_proto=3
10-07 11:34:46.676  2534  2542 I WSMEngine: handshake ack written (proto=3 nonce=09903f0fad2e56ff)
10-07 11:34:46.725  2534  2541 I WSM     : HANDSHAKE_OK engine_pid=2534 engine_uid=10075 state=1 caps=0x0 build=wsm-v6.0.0 abi=x86_64
10-07 11:35:40.362  2580  2580 I WSM     : [com.kakaogames.gdts] pre-staged payload=203760 B fnv64=8663fd1775bab767 staging=deferred_to_post
10-07 11:35:40.362  2580  2580 I WSM     : [com.kakaogames.gdts] pre-staged dex=26552 B
10-07 11:35:40.372  2580  2580 I WSM     : [com.kakaogames.gdts] dex staged 26552 B fd=56
10-07 11:35:40.372  2580  2580 I WSM     : post staged+signaled pid=2580 chan_fd=58 payload_fd=55
10-07 11:35:40.373  2580  2587 I WSMEngine: JNI_OnLoad received (build=wsm-v6.0.0 abi=x86_64)
10-07 11:35:40.373  2580  2587 I WSM     : ENGINE_DLOPEN ok /proc/self/fd/55 handle=0x6d9573d42b3245b7 jni_ver=0x10006 (payload 203760 B fnv64=8663fd1775bab767)
10-07 11:35:40.373  2580  2593 I WSMEngine: ALIVE pid=2580 uid=10075 hello_magic=0x574d5348 hello_proto=3
10-07 11:35:40.373  2580  2593 I WSMEngine: handshake ack written (proto=3 nonce=acc10fe80732ed38)
10-07 11:35:40.424  2580  2587 I WSM     : HANDSHAKE_OK engine_pid=2580 engine_uid=10075 state=1 caps=0x0 build=wsm-v6.0.0 abi=x86_64
