--------- beginning of main
10-07 11:30:48.234  2379  2574 D HostConnection: glGetError exceeded.
10-07 11:30:48.540   228   228 I ldinit  : type=1400 audit(0.0:1261): avc:  denied  { read } for  name="partitions" dev="proc" ino=4026532068 scontext=u:r:ldinit:s0 tcontext=u:object_r:proc:s0 tclass=file permissive=1
10-07 11:30:48.540   228   228 I ldinit  : type=1400 audit(0.0:1262): avc:  denied  { open } for  path="/proc/partitions" dev="proc" ino=4026532068 scontext=u:r:ldinit:s0 tcontext=u:object_r:proc:s0 tclass=file permissive=1
10-07 11:30:48.540   228   228 I ldinit  : type=1400 audit(0.0:1263): avc:  denied  { getattr } for  path="/proc/partitions" dev="proc" ino=4026532068 scontext=u:r:ldinit:s0 tcontext=u:object_r:proc:s0 tclass=file permissive=1
10-07 11:30:48.994   233   281 D HostConnection: glGetError exceeded.
10-07 11:30:49.368  2379  2574 D HostConnection: glGetError exceeded.
--------- beginning of system
10-07 11:30:49.474   400  1410 D OomAdjuster: Not killing cached processes
10-07 11:30:49.474   400  1410 W ProcessStats: Tracking association SourceState{153e54b com.android.vending/10041 BTop #1617} whose proc state 2 is better than process ProcessState{98a0da0 com.google.android.gms.persistent/10042 pkg=com.google.android.gms} proc state 4 (151 skipped)
10-07 11:30:49.474   956   956 D BoundBrokerSvc: onUnbind: Intent { act=com.google.android.gms.scheduler.ACTION_PROXY_SCHEDULE dat=chimera-action:/... cmp=com.google.android.gms/.chimera.PersistentDirectBootAwareApiService }
10-07 11:30:50.362   233   281 D HostConnection: glGetError exceeded.
10-07 11:30:50.516  2379  2574 D HostConnection: glGetError exceeded.
10-07 11:30:51.087   233   233 I RenderEngine: type=1400 audit(0.0:1264): avc:  denied  { ioctl } for  path="/dev/fastpipe" dev="tmpfs" ino=525 ioctlcmd=0x6867 scontext=u:r:surfaceflinger:s0 tcontext=u:object_r:device:s0 tclass=chr_file permissive=1
10-07 11:30:51.137   400   400 I InputDispatcher: type=1400 audit(0.0:1265): avc:  denied  { call } for  scontext=u:r:system_server:s0 tcontext=u:r:init:s0 tclass=binder permissive=1
10-07 11:30:51.229   400   469 D ActivityManager: freezing 1045 com.android.permissioncontroller
10-07 11:30:51.630  2379  2574 D HostConnection: glGetError exceeded.
10-07 11:30:51.648   956   956 D BoundBrokerSvc: onUnbind: Intent { act=com.google.android.gms.clearcut.service.START dat=chimera-action:/... cmp=com.google.android.gms/.chimera.PersistentDirectBootAwareApiService }
10-07 11:30:51.726   233   281 D HostConnection: glGetError exceeded.
10-07 11:30:52.745  2379  2574 D HostConnection: glGetError exceeded.
10-07 11:30:52.994  2335  2366 I Finsky:background: [30] Stats for Executor: bgExecutor usf@6ac402c[Running, pool size = 4, active threads = 0, queued tasks = 0, completed tasks = 37]
10-07 11:30:53.003  2335  2366 I Finsky:background: [30] Stats for Executor: LightweightExecutor usf@eceaf5[Running, pool size = 3, active threads = 0, queued tasks = 0, completed tasks = 11]
10-07 11:30:53.030  2335  2366 I Finsky:background: [30] Stats for Executor: BlockingExecutor usf@2f4e08a[Running, pool size = 1, active threads = 0, queued tasks = 0, completed tasks = 1]
10-07 11:30:53.074   233   281 D HostConnection: glGetError exceeded.
10-07 11:30:53.400   400   504 I WifiConnectivityManager: SetInitialScanState to : 2
10-07 11:30:53.421   400   516 D InstantWifi: Drop, size: 1
10-07 11:30:53.422   302   302 W wificond: Scan already started
10-07 11:30:53.422   302   302 I wificond: Scan
10-07 11:30:53.868  2379  2574 D HostConnection: glGetError exceeded.
10-07 11:30:54.422   400  1410 D WifiNl80211Manager: Scan result ready event
10-07 11:30:54.422   400  1410 D WifiNative: Scan result ready event
10-07 11:30:54.434   400   504 E WifiScoringParams: Invalid frequency(5080), using 5G as default rssi array
10-07 11:30:54.439   233   281 D HostConnection: glGetError exceeded.
10-07 11:30:55.009  2379  2574 D HostConnection: glGetError exceeded.
10-07 11:30:55.771   233   281 D HostConnection: glGetError exceeded.
10-07 11:30:56.125  2379  2574 D HostConnection: glGetError exceeded.
10-07 11:30:57.105   233   281 D HostConnection: glGetError exceeded.
10-07 11:30:57.239  2379  2574 D HostConnection: glGetError exceeded.
10-07 11:30:57.416  3306  3306 W BpBinder: Linking to death on android.gui.ISurfaceComposer but there are no threads (yet?) listening to incoming transactions. See ProcessState::startThreadPool and ProcessState::setThreadPoolMaxThreadCount. Generally you should setup the binder threadpool before other initialization steps.
10-07 11:30:57.417  3306  3306 W ProcessState: Extra binder thread started, but 0 threads requested. Do not use *startThreadPool when zero threads are requested.
10-07 11:30:57.414   212   212 I allocator@2.0-s: type=1400 audit(0.0:1266): avc:  denied  { ioctl } for  path="/dev/fastpipe" dev="tmpfs" ino=525 ioctlcmd=0x6869 scontext=u:r:hal_graphics_allocator_default:s0 tcontext=u:object_r:device:s0 tclass=chr_file permissive=1
10-07 11:30:57.417   212   212 I allocator@2.0-s: type=1400 audit(0.0:1267): avc:  denied  { read write } for  name="fastpipe" dev="tmpfs" ino=525 scontext=u:r:hal_graphics_allocator_default:s0 tcontext=u:object_r:device:s0 tclass=chr_file permissive=1
10-07 11:30:57.417   212   212 I allocator@2.0-s: type=1400 audit(0.0:1268): avc:  denied  { open } for  path="/dev/fastpipe" dev="tmpfs" ino=525 scontext=u:r:hal_graphics_allocator_default:s0 tcontext=u:object_r:device:s0 tclass=chr_file permissive=1
10-07 11:30:57.417   212   212 I allocator@2.0-s: type=1400 audit(0.0:1269): avc:  denied  { read write } for  path="/dev/fastpipe" dev="tmpfs" ino=525 scontext=u:r:surfaceflinger:s0 tcontext=u:object_r:device:s0 tclass=chr_file permissive=1
10-07 11:30:57.429    97    97 I hwservicemanager: getTransport: Cannot find entry android.hardware.graphics.mapper@4.0::IMapper/default in either framework or device VINTF manifest.
10-07 11:30:57.429  3306  3308 I Gralloc4: mapper 4.x is not supported
10-07 11:30:57.430    97    97 I hwservicemanager: getTransport: Cannot find entry android.hardware.graphics.mapper@3.0::IMapper/default in either framework or device VINTF manifest.
10-07 11:30:57.430  3306  3308 W Gralloc3: mapper 3.x is not supported
10-07 11:30:57.427  3306  3306 I binder:3306_1: type=1400 audit(0.0:1270): avc:  denied  { read } for  name="libstagefright_gl1enc.so" dev="sda2" ino=5891 scontext=u:r:shell:s0 tcontext=u:object_r:vendor_file:s0 tclass=file permissive=1
10-07 11:30:57.427  3306  3306 I binder:3306_1: type=1400 audit(0.0:1271): avc:  denied  { open } for  path="/system/vendor/lib64/libstagefright_gl1enc.so" dev="sda2" ino=5891 scontext=u:r:shell:s0 tcontext=u:object_r:vendor_file:s0 tclass=file permissive=1
10-07 11:30:57.427  3306  3306 I binder:3306_1: type=1400 audit(0.0:1272): avc:  denied  { getattr } for  path="/system/vendor/lib64/libstagefright_gl1enc.so" dev="sda2" ino=5891 scontext=u:r:shell:s0 tcontext=u:object_r:vendor_file:s0 tclass=file permissive=1
10-07 11:30:57.444  3306  3308 I screencap: fastpipe: Connect success
10-07 11:30:57.446  3306  3308 I screencap: fastpipe: Connect success
10-07 11:30:57.447  3306  3308 D HostConnection: HostRPC::connect sucess: app=screencap, pid=3306, tid=3308, this=0x7e5f786427c0
10-07 11:30:57.448  3306  3308 D HostConnection: queryAndSetGLESMaxVersion select gles-version: 3.1 hostGLVersion:46 process:screencap
10-07 11:30:57.449  3306  3306 I screencap: fastpipe: Connect success
10-07 11:30:57.450  3306  3306 D HostConnection: HostRPC::connect sucess: app=screencap, pid=3306, tid=3306, this=0x7e5f78af0140
10-07 11:30:57.451  3306  3306 D HostConnection: queryAndSetGLESMaxVersion select gles-version: 3.1 hostGLVersion:46 process:screencap
10-07 11:30:57.516   400  1207 I ActivityManager: Broadcasting: Intent { act=android.intent.action.MEDIA_SCANNER_SCAN_FILE dat=file:///... flg=0x400000 }
10-07 11:30:57.517   400  1207 I ActivityManager: Enqueued broadcast Intent { act=android.intent.action.MEDIA_SCANNER_SCAN_FILE dat=file:///... flg=0x400000 }: 0
10-07 11:30:57.517   400   427 D OomAdjuster: Not killing cached processes
10-07 11:30:57.532   400   416 I ActivityManager: Broadcast completed: result=0
10-07 11:30:57.534  3306  3306 I screencap: fastpipe: close connect
10-07 11:30:57.534  3306  3306 I screencap: fastpipe: close connect
10-07 11:30:57.534  1164  1501 I MediaProvider: Begin Intent { act=android.intent.action.MEDIA_SCANNER_SCAN_FILE dat=file:///... flg=0x1400010 cmp=com.android.providers.media.module/com.android.providers.media.MediaService }
10-07 11:30:57.558  1164  1501 W ModernMediaScanner: Failed to apply ContentProviderOperation(type=insert uri=content://media/internal/file values={instance_id=null, compilation=null, disc_number=null, duration=null, album_artist=null, description=null, resolution=1600×900, orientation=null, artist=null, author=null, height=900, is_drm=0, date_modified=1788417574, writer=null, composer=null, _modifier=3, datetaken=null, mime_type=image/png, bitrate=null, cd_track_number=null, xmp=[], year=null, _data=/data/local/tmp/wsm-v6-nav.png, _size=23826, album=null, genre=null, title=wsm-v6-nav, width=1600, document_id=null, capture_framerate=null, _special_format=0, num_tracks=null, original_document_id=null, media_type=1} exceptionAllowed)
10-07 11:30:57.558  1164  1501 W ModernMediaScanner: java.lang.IllegalArgumentException: Requested path /data/local/tmp/wsm-v6-nav.png doesn't appear under [/system/media, /oem/media, /system/product/media]
10-07 11:30:57.558  1164  1501 W ModernMediaScanner: 	at com.android.providers.media.MediaProvider.insert(MediaProvider.java:4999)
10-07 11:30:57.558  1164  1501 W ModernMediaScanner: 	at android.content.ContentProviderOperation.applyInternal(ContentProviderOperation.java:375)
10-07 11:30:57.558  1164  1501 W ModernMediaScanner: 	at android.content.ContentProviderOperation.apply(ContentProviderOperation.java:347)
10-07 11:30:57.558  1164  1501 W ModernMediaScanner: 	at android.content.ContentProvider.applyBatch(ContentProvider.java:2653)
10-07 11:30:57.558  1164  1501 W ModernMediaScanner: 	at com.android.providers.media.MediaProvider.applyBatch(MediaProvider.java:5349)
10-07 11:30:57.558  1164  1501 W ModernMediaScanner: 	at android.content.ContentProvider.applyBatch(ContentProvider.java:2644)
10-07 11:30:57.558  1164  1501 W ModernMediaScanner: 	at android.content.ContentResolver.applyBatch(ContentResolver.java:2246)
10-07 11:30:57.558  1164  1501 W ModernMediaScanner: 	at com.android.providers.media.scan.ModernMediaScanner$Scan.applyPending(ModernMediaScanner.java:957)
10-07 11:30:57.558  1164  1501 W ModernMediaScanner: 	at com.android.providers.media.scan.ModernMediaScanner$Scan.walkFileTree(ModernMediaScanner.java:455)
10-07 11:30:57.558  1164  1501 W ModernMediaScanner: 	at com.android.providers.media.scan.ModernMediaScanner$Scan.runInternal(ModernMediaScanner.java:417)
10-07 11:30:57.558  1164  1501 W ModernMediaScanner: 	at com.android.providers.media.scan.ModernMediaScanner$Scan.run(ModernMediaScanner.java:406)
10-07 11:30:57.558  1164  1501 W ModernMediaScanner: 	at com.android.providers.media.scan.ModernMediaScanner.scanFile(ModernMediaScanner.java:272)
10-07 11:30:57.558  1164  1501 W ModernMediaScanner: 	at com.android.providers.media.MediaProvider.scanFile(MediaProvider.java:1953)
10-07 11:30:57.558  1164  1501 W ModernMediaScanner: 	at com.android.providers.media.MediaService.onScanFile(MediaService.java:225)
10-07 11:30:57.558  1164  1501 W ModernMediaScanner: 	at com.android.providers.media.MediaService.onHandleWork(MediaService.java:85)
10-07 11:30:57.558  1164  1501 W ModernMediaScanner: 	at androidx.core.app.JobIntentService$CommandProcessor.doInBackground(JobIntentService.java:396)
10-07 11:30:57.558  1164  1501 W ModernMediaScanner: 	at androidx.core.app.JobIntentService$CommandProcessor.doInBackground(JobIntentService.java:387)
10-07 11:30:57.558  1164  1501 W ModernMediaScanner: 	at android.os.AsyncTask$3.call(AsyncTask.java:394)
10-07 11:30:57.558  1164  1501 W ModernMediaScanner: 	at java.util.concurrent.FutureTask.run(FutureTask.java:264)
10-07 11:30:57.558  1164  1501 W ModernMediaScanner: 	at java.util.concurrent.ThreadPoolExecutor.runWorker(ThreadPoolExecutor.java:1145)
10-07 11:30:57.558  1164  1501 W ModernMediaScanner: 	at java.util.concurrent.ThreadPoolExecutor$Worker.run(ThreadPoolExecutor.java:644)
10-07 11:30:57.558  1164  1501 W ModernMediaScanner: 	at java.lang.Thread.run(Thread.java:1012)
10-07 11:30:57.566  1164  1501 I MediaProvider: End Intent { act=android.intent.action.MEDIA_SCANNER_SCAN_FILE dat=file:///... flg=0x1400010 cmp=com.android.providers.media.module/com.android.providers.media.MediaService }
10-07 11:30:58.356  2379  2574 D HostConnection: glGetError exceeded.
10-07 11:30:58.436   233   281 D HostConnection: glGetError exceeded.
10-07 11:30:59.489  2379  2574 D HostConnection: glGetError exceeded.
10-07 11:30:59.785   233   281 D HostConnection: glGetError exceeded.
10-07 11:30:59.969   400   752 W ProcessStats: Tracking association SourceState{153e54b com.android.vending/10041 BTop #1630} whose proc state 2 is better than process ProcessState{98a0da0 com.google.android.gms.persistent/10042 pkg=com.google.android.gms} proc state 4 (77 skipped)
10-07 11:30:59.969   956   956 D BoundBrokerSvc: onUnbind: Intent { act=com.google.android.gms.libs.gmscorelogger.service.START dat=chimera-action:/... cmp=com.google.android.gms/.chimera.PersistentDirectBootAwareApiService }
10-07 11:31:00.034   601   601 I RenderThread: type=1400 audit(0.0:1275): avc:  denied  { ioctl } for  path="/dev/fastpipe" dev="tmpfs" ino=525 ioctlcmd=0x6869 scontext=u:r:platform_app:s0:c512,c768 tcontext=u:object_r:device:s0 tclass=chr_file permissive=1
10-07 11:31:00.292  2335  2598 I PlayCommon: [70] Preparing logs for uploading
10-07 11:31:00.309  2335  2598 D CompatibilityChangeReporter: Compat change id reported: 247079863; UID 10041; state: ENABLED
10-07 11:31:00.309  2335  2598 I PlayCommon: [70] Connecting to server for timestamp: https://play.googleapis.com/play/log/timestamp
10-07 11:31:00.344  2335  2598 D TrafficStats: tagSocket(5) with statsTag=0xffffffff, statsUid=-1
10-07 11:31:00.469  2335  2598 W PlayCommon: [70] No account for auth token provided
10-07 11:31:00.471  2335  2598 I PlayCommon: [70] Connecting to server: https://play.googleapis.com/play/log?format=raw&proto_v2=true
10-07 11:31:00.514  2335  2598 I PlayCommon: [70] Successfully uploaded logs.
10-07 11:31:00.606  2379  2574 D HostConnection: glGetError exceeded.
10-07 11:31:01.117   233   281 D HostConnection: glGetError exceeded.
10-07 11:31:01.720  2379  2574 D HostConnection: glGetError exceeded.
10-07 11:31:02.453   233   281 D HostConnection: glGetError exceeded.
10-07 11:31:02.853  2379  2574 D HostConnection: glGetError exceeded.
10-07 11:31:03.399   233   278 D TimeStats: Enabled
10-07 11:31:03.401   400   752 W SurfaceFlingerPuller: Failed to pull atom 10062 from surfaceflinger. Success is 0, binder status is EX_NONE
10-07 11:31:03.401   191  1106 E statsd  : Gauge Stats puller failed for tag: 10062 at 96625764782
10-07 11:31:03.423   400   752 W StatsPullAtomService: Unable to read diskstats cache file within pullCategorySize
10-07 11:31:03.423   191  1106 E statsd  : Gauge Stats puller failed for tag: 10028 at 96625764782
10-07 11:31:03.832   233   281 D HostConnection: glGetError exceeded.
10-07 11:31:03.983  2379  2574 D HostConnection: glGetError exceeded.
10-07 11:31:04.419   400   752 D OomAdjuster: Not killing cached processes
10-07 11:31:04.500   233   233 E TimeStats: RenderEngineTimes are already at its maximum size[64]
10-07 11:31:04.515   233   233 E TimeStats: RenderEngineTimes are already at its maximum size[64]
10-07 11:31:04.532   233   233 E TimeStats: RenderEngineTimes are already at its maximum size[64]
10-07 11:31:04.550   233   233 E TimeStats: RenderEngineTimes are already at its maximum size[64]
10-07 11:31:04.565   233   233 E TimeStats: RenderEngineTimes are already at its maximum size[64]
10-07 11:31:04.582   233   233 E TimeStats: RenderEngineTimes are already at its maximum size[64]
10-07 11:31:04.599   233   233 E TimeStats: RenderEngineTimes are already at its maximum size[64]
10-07 11:31:04.615   233   233 E TimeStats: RenderEngineTimes are already at its maximum size[64]
10-07 11:31:04.632   233   233 E TimeStats: RenderEngineTimes are already at its maximum size[64]
10-07 11:31:04.649   233   233 E TimeStats: RenderEngineTimes are already at its maximum size[64]
10-07 11:31:04.665   233   233 E TimeStats: RenderEngineTimes are already at its maximum size[64]
10-07 11:31:04.681   233   233 E TimeStats: RenderEngineTimes are already at its maximum size[64]
10-07 11:31:04.700   233   233 E TimeStats: RenderEngineTimes are already at its maximum size[64]
10-07 11:31:04.714   233   233 E TimeStats: RenderEngineTimes are already at its maximum size[64]
10-07 11:31:04.732   233   233 E TimeStats: RenderEngineTimes are already at its maximum size[64]
10-07 11:31:04.748   233   233 E TimeStats: RenderEngineTimes are already at its maximum size[64]
10-07 11:31:04.765   233   233 E TimeStats: RenderEngineTimes are already at its maximum size[64]
10-07 11:31:04.782   233   233 E TimeStats: RenderEngineTimes are already at its maximum size[64]
10-07 11:31:04.798   233   233 E TimeStats: RenderEngineTimes are already at its maximum size[64]
10-07 11:31:04.815   233   233 E TimeStats: RenderEngineTimes are already at its maximum size[64]
10-07 11:31:04.831   233   233 E TimeStats: RenderEngineTimes are already at its maximum size[64]
10-07 11:31:04.848   233   233 E TimeStats: RenderEngineTimes are already at its maximum size[64]
10-07 11:31:04.864   233   233 E TimeStats: RenderEngineTimes are already at its maximum size[64]
10-07 11:31:04.882   233   233 E TimeStats: RenderEngineTimes are already at its maximum size[64]
10-07 11:31:04.898   233   233 E TimeStats: RenderEngineTimes are already at its maximum size[64]
10-07 11:31:04.915   233   233 E TimeStats: RenderEngineTimes are already at its maximum size[64]
10-07 11:31:04.933   233   233 E TimeStats: RenderEngineTimes are already at its maximum size[64]
10-07 11:31:04.948   233   233 E TimeStats: RenderEngineTimes are already at its maximum size[64]
10-07 11:31:04.964   233   233 E TimeStats: RenderEngineTimes are already at its maximum size[64]
10-07 11:31:04.982   233   233 E TimeStats: RenderEngineTimes are already at its maximum size[64]
10-07 11:31:04.998   233   233 E TimeStats: RenderEngineTimes are already at its maximum size[64]
10-07 11:31:05.015   233   233 E TimeStats: RenderEngineTimes are already at its maximum size[64]
10-07 11:31:05.032   233   233 E TimeStats: RenderEngineTimes are already at its maximum size[64]
10-07 11:31:05.049   233   233 E TimeStats: RenderEngineTimes are already at its maximum size[64]
10-07 11:31:05.065   233   233 E TimeStats: RenderEngineTimes are already at its maximum size[64]
10-07 11:31:05.081   233   233 E TimeStats: RenderEngineTimes are already at its maximum size[64]
10-07 11:31:05.084  2379  2574 D HostConnection: glGetError exceeded.
10-07 11:31:05.098   233   233 E TimeStats: RenderEngineTimes are already at its maximum size[64]
10-07 11:31:05.115   233   233 E TimeStats: RenderEngineTimes are already at its maximum size[64]
10-07 11:31:05.134   233   233 E TimeStats: RenderEngineTimes are already at its maximum size[64]
10-07 11:31:05.148   233   233 E TimeStats: RenderEngineTimes are already at its maximum size[64]
10-07 11:31:05.164   233   281 D HostConnection: glGetError exceeded.
10-07 11:31:05.166   233   233 E TimeStats: RenderEngineTimes are already at its maximum size[64]
10-07 11:31:05.182   233   233 E TimeStats: RenderEngineTimes are already at its maximum size[64]
10-07 11:31:05.199   233   233 E TimeStats: RenderEngineTimes are already at its maximum size[64]
10-07 11:31:05.214   233   233 E TimeStats: RenderEngineTimes are already at its maximum size[64]
10-07 11:31:05.232   233   233 E TimeStats: RenderEngineTimes are already at its maximum size[64]
10-07 11:31:05.248   233   233 E TimeStats: RenderEngineTimes are already at its maximum size[64]
10-07 11:31:05.264   233   233 E TimeStats: RenderEngineTimes are already at its maximum size[64]
10-07 11:31:05.283   233   233 E TimeStats: RenderEngineTimes are already at its maximum size[64]
10-07 11:31:05.298   233   233 E TimeStats: RenderEngineTimes are already at its maximum size[64]
10-07 11:31:05.315   233   233 E TimeStats: RenderEngineTimes are already at its maximum size[64]
10-07 11:31:05.332   233   233 E TimeStats: RenderEngineTimes are already at its maximum size[64]
10-07 11:31:05.349   233   233 E TimeStats: RenderEngineTimes are already at its maximum size[64]
10-07 11:31:05.365   233   233 E TimeStats: RenderEngineTimes are already at its maximum size[64]
10-07 11:31:05.381   233   233 E TimeStats: RenderEngineTimes are already at its maximum size[64]
10-07 11:31:05.398   233   233 E TimeStats: RenderEngineTimes are already at its maximum size[64]
10-07 11:31:05.415   233   233 E TimeStats: RenderEngineTimes are already at its maximum size[64]
10-07 11:31:05.431   233   233 E TimeStats: RenderEngineTimes are already at its maximum size[64]
10-07 11:31:05.449   233   233 E TimeStats: RenderEngineTimes are already at its maximum size[64]
10-07 11:31:05.466   233   233 E TimeStats: RenderEngineTimes are already at its maximum size[64]
10-07 11:31:05.481   233   233 E TimeStats: RenderEngineTimes are already at its maximum size[64]
10-07 11:31:05.498   233   233 E TimeStats: RenderEngineTimes are already at its maximum size[64]
10-07 11:31:05.515   233   233 E TimeStats: RenderEngineTimes are already at its maximum size[64]
10-07 11:31:05.531   233   233 E TimeStats: RenderEngineTimes are already at its maximum size[64]
10-07 11:31:05.548   233   233 E TimeStats: RenderEngineTimes are already at its maximum size[64]
10-07 11:31:05.567   233   233 E TimeStats: RenderEngineTimes are already at its maximum size[64]
10-07 11:31:05.581   233   233 E TimeStats: RenderEngineTimes are already at its maximum size[64]
10-07 11:31:05.598   233   233 E TimeStats: RenderEngineTimes are already at its maximum size[64]
10-07 11:31:05.615   233   233 E TimeStats: RenderEngineTimes are already at its maximum size[64]
10-07 11:31:05.633   233   233 E TimeStats: RenderEngineTimes are already at its maximum size[64]
10-07 11:31:05.648   233   233 E TimeStats: RenderEngineTimes are already at its maximum size[64]
10-07 11:31:05.664   233   233 E TimeStats: RenderEngineTimes are already at its maximum size[64]
10-07 11:31:05.681   233   233 E TimeStats: RenderEngineTimes are already at its maximum size[64]
10-07 11:31:05.698   233   233 E TimeStats: RenderEngineTimes are already at its maximum size[64]
10-07 11:31:05.717   233   233 E TimeStats: RenderEngineTimes are already at its maximum size[64]
10-07 11:31:05.733   233   233 E TimeStats: RenderEngineTimes are already at its maximum size[64]
10-07 11:31:05.748   233   233 E TimeStats: RenderEngineTimes are already at its maximum size[64]
10-07 11:31:05.765   233   233 E TimeStats: RenderEngineTimes are already at its maximum size[64]
10-07 11:31:05.781   233   233 E TimeStats: RenderEngineTimes are already at its maximum size[64]
10-07 11:31:05.798   233   233 E TimeStats: RenderEngineTimes are already at its maximum size[64]
10-07 11:31:05.815   233   233 E TimeStats: RenderEngineTimes are already at its maximum size[64]
10-07 11:31:05.832   233   233 E TimeStats: RenderEngineTimes are already at its maximum size[64]
10-07 11:31:05.848   233   233 E TimeStats: RenderEngineTimes are already at its maximum size[64]
10-07 11:31:05.864   233   233 E TimeStats: RenderEngineTimes are already at its maximum size[64]
10-07 11:31:05.883   233   233 E TimeStats: RenderEngineTimes are already at its maximum size[64]
10-07 11:31:05.897   233   233 E TimeStats: RenderEngineTimes are already at its maximum size[64]
10-07 11:31:05.917   233   233 E TimeStats: RenderEngineTimes are already at its maximum size[64]
10-07 11:31:05.933   233   233 E TimeStats: RenderEngineTimes are already at its maximum size[64]
10-07 11:31:05.947   233   233 E TimeStats: RenderEngineTimes are already at its maximum size[64]
10-07 11:31:05.982   233   233 E TimeStats: RenderEngineTimes are already at its maximum size[64]
10-07 11:31:05.998   233   233 E TimeStats: RenderEngineTimes are already at its maximum size[64]
10-07 11:31:06.015   233   233 E TimeStats: RenderEngineTimes are already at its maximum size[64]
10-07 11:31:06.031   233   233 E TimeStats: RenderEngineTimes are already at its maximum size[64]
10-07 11:31:06.048   233   233 E TimeStats: RenderEngineTimes are already at its maximum size[64]
10-07 11:31:06.065   233   233 E TimeStats: RenderEngineTimes are already at its maximum size[64]
10-07 11:31:06.083   233   233 E TimeStats: RenderEngineTimes are already at its maximum size[64]
10-07 11:31:06.098   233   233 E TimeStats: RenderEngineTimes are already at its maximum size[64]
10-07 11:31:06.114   233   233 E TimeStats: RenderEngineTimes are already at its maximum size[64]
10-07 11:31:06.131   233   233 E TimeStats: RenderEngineTimes are already at its maximum size[64]
10-07 11:31:06.148   233   233 E TimeStats: RenderEngineTimes are already at its maximum size[64]
10-07 11:31:06.165   233   233 E TimeStats: RenderEngineTimes are already at its maximum size[64]
10-07 11:31:06.181   233   233 E TimeStats: RenderEngineTimes are already at its maximum size[64]
10-07 11:31:06.198   233   233 E TimeStats: RenderEngineTimes are already at its maximum size[64]
10-07 11:31:06.214   233   233 E TimeStats: RenderEngineTimes are already at its maximum size[64]
10-07 11:31:06.217  2379  2574 D HostConnection: glGetError exceeded.
10-07 11:31:06.232   233   233 E TimeStats: RenderEngineTimes are already at its maximum size[64]
10-07 11:31:06.247   233   233 E TimeStats: RenderEngineTimes are already at its maximum size[64]
10-07 11:31:06.265   233   233 E TimeStats: RenderEngineTimes are already at its maximum size[64]
10-07 11:31:06.283   233   233 E TimeStats: RenderEngineTimes are already at its maximum size[64]
10-07 11:31:06.297   233   233 E TimeStats: RenderEngineTimes are already at its maximum size[64]
10-07 11:31:06.315   233   233 E TimeStats: RenderEngineTimes are already at its maximum size[64]
10-07 11:31:06.331   233   233 E TimeStats: RenderEngineTimes are already at its maximum size[64]
10-07 11:31:06.348   233   233 E TimeStats: RenderEngineTimes are already at its maximum size[64]
10-07 11:31:06.364   233   233 E TimeStats: RenderEngineTimes are already at its maximum size[64]
10-07 11:31:06.381   233   233 E TimeStats: RenderEngineTimes are already at its maximum size[64]
10-07 11:31:06.397   233   233 E TimeStats: RenderEngineTimes are already at its maximum size[64]
10-07 11:31:06.415   233   233 E TimeStats: RenderEngineTimes are already at its maximum size[64]
10-07 11:31:06.431   233   233 E TimeStats: RenderEngineTimes are already at its maximum size[64]
10-07 11:31:06.448   233   233 E TimeStats: RenderEngineTimes are already at its maximum size[64]
10-07 11:31:06.465   233   233 E TimeStats: RenderEngineTimes are already at its maximum size[64]
10-07 11:31:06.481   233   233 E TimeStats: RenderEngineTimes are already at its maximum size[64]
10-07 11:31:06.497   233   233 E TimeStats: RenderEngineTimes are already at its maximum size[64]
10-07 11:31:06.513   233   281 D HostConnection: glGetError exceeded.
10-07 11:31:06.514   233   233 E TimeStats: RenderEngineTimes are already at its maximum size[64]
10-07 11:31:06.532   233   233 E TimeStats: RenderEngineTimes are already at its maximum size[64]
10-07 11:31:06.547   233   233 E TimeStats: RenderEngineTimes are already at its maximum size[64]
10-07 11:31:06.564   233   233 E TimeStats: RenderEngineTimes are already at its maximum size[64]
10-07 11:31:06.580   233   233 E TimeStats: RenderEngineTimes are already at its maximum size[64]
10-07 11:31:06.598   233   233 E TimeStats: RenderEngineTimes are already at its maximum size[64]
10-07 11:31:06.614   233   233 E TimeStats: RenderEngineTimes are already at its maximum size[64]
10-07 11:31:06.632   233   233 E TimeStats: RenderEngineTimes are already at its maximum size[64]
10-07 11:31:06.648   233   233 E TimeStats: RenderEngineTimes are already at its maximum size[64]
10-07 11:31:06.665   233   233 E TimeStats: RenderEngineTimes are already at its maximum size[64]
10-07 11:31:06.681   233   233 E TimeStats: RenderEngineTimes are already at its maximum size[64]
10-07 11:31:06.697   233   233 E TimeStats: RenderEngineTimes are already at its maximum size[64]
10-07 11:31:06.714   233   233 E TimeStats: RenderEngineTimes are already at its maximum size[64]
10-07 11:31:06.731   233   233 E TimeStats: RenderEngineTimes are already at its maximum size[64]
10-07 11:31:06.748   233   233 E TimeStats: RenderEngineTimes are already at its maximum size[64]
10-07 11:31:06.765   233   233 E TimeStats: RenderEngineTimes are already at its maximum size[64]
10-07 11:31:06.781   233   233 E TimeStats: RenderEngineTimes are already at its maximum size[64]
10-07 11:31:06.798   233   233 E TimeStats: RenderEngineTimes are already at its maximum size[64]
10-07 11:31:06.814   233   233 E TimeStats: RenderEngineTimes are already at its maximum size[64]
10-07 11:31:06.831   233   233 E TimeStats: RenderEngineTimes are already at its maximum size[64]
10-07 11:31:06.848   233   233 E TimeStats: RenderEngineTimes are already at its maximum size[64]
10-07 11:31:06.865   233   233 E TimeStats: RenderEngineTimes are already at its maximum size[64]
10-07 11:31:06.881   233   233 E TimeStats: RenderEngineTimes are already at its maximum size[64]
10-07 11:31:06.898   233   233 E TimeStats: RenderEngineTimes are already at its maximum size[64]
10-07 11:31:06.914   233   233 E TimeStats: RenderEngineTimes are already at its maximum size[64]
10-07 11:31:06.931   233   233 E TimeStats: RenderEngineTimes are already at its maximum size[64]
10-07 11:31:06.947   233   233 E TimeStats: RenderEngineTimes are already at its maximum size[64]
10-07 11:31:06.965   233   233 E TimeStats: RenderEngineTimes are already at its maximum size[64]
10-07 11:31:06.982   233   233 E TimeStats: RenderEngineTimes are already at its maximum size[64]
10-07 11:31:06.997   233   233 E TimeStats: RenderEngineTimes are already at its maximum size[64]
10-07 11:31:07.013   233   233 E TimeStats: RenderEngineTimes are already at its maximum size[64]
10-07 11:31:07.030   233   233 E TimeStats: RenderEngineTimes are already at its maximum size[64]
10-07 11:31:07.047   233   233 E TimeStats: RenderEngineTimes are already at its maximum size[64]
10-07 11:31:07.064   233   233 E TimeStats: RenderEngineTimes are already at its maximum size[64]
10-07 11:31:07.082   233   233 E TimeStats: RenderEngineTimes are already at its maximum size[64]
10-07 11:31:07.097   233   233 E TimeStats: RenderEngineTimes are already at its maximum size[64]
10-07 11:31:07.115   233   233 E TimeStats: RenderEngineTimes are already at its maximum size[64]
10-07 11:31:07.132   233   233 E TimeStats: RenderEngineTimes are already at its maximum size[64]
10-07 11:31:07.147   233   233 E TimeStats: RenderEngineTimes are already at its maximum size[64]
10-07 11:31:07.164   233   233 E TimeStats: RenderEngineTimes are already at its maximum size[64]
10-07 11:31:07.180   233   233 E TimeStats: RenderEngineTimes are already at its maximum size[64]
10-07 11:31:07.197   233   233 E TimeStats: RenderEngineTimes are already at its maximum size[64]
10-07 11:31:07.214   233   233 E TimeStats: RenderEngineTimes are already at its maximum size[64]
10-07 11:31:07.232   233   233 E TimeStats: RenderEngineTimes are already at its maximum size[64]
10-07 11:31:07.248   233   233 E TimeStats: RenderEngineTimes are already at its maximum size[64]
10-07 11:31:07.264   233   233 E TimeStats: RenderEngineTimes are already at its maximum size[64]
10-07 11:31:07.280   233   233 E TimeStats: RenderEngineTimes are already at its maximum size[64]
10-07 11:31:07.297   233   233 E TimeStats: RenderEngineTimes are already at its maximum size[64]
10-07 11:31:07.314   233   233 E TimeStats: RenderEngineTimes are already at its maximum size[64]
10-07 11:31:07.331   233   233 E TimeStats: RenderEngineTimes are already at its maximum size[64]
10-07 11:31:07.333  2379  2574 D HostConnection: glGetError exceeded.
10-07 11:31:07.347   233   233 E TimeStats: RenderEngineTimes are already at its maximum size[64]
10-07 11:31:07.364   233   233 E TimeStats: RenderEngineTimes are already at its maximum size[64]
10-07 11:31:07.381   233   233 E TimeStats: RenderEngineTimes are already at its maximum size[64]
10-07 11:31:07.397   233   233 E TimeStats: RenderEngineTimes are already at its maximum size[64]
10-07 11:31:07.414   233   233 E TimeStats: RenderEngineTimes are already at its maximum size[64]
10-07 11:31:07.430   233   233 E TimeStats: RenderEngineTimes are already at its maximum size[64]
10-07 11:31:07.447   233   233 E TimeStats: RenderEngineTimes are already at its maximum size[64]
10-07 11:31:07.465   233   233 E TimeStats: RenderEngineTimes are already at its maximum size[64]
10-07 11:31:07.481   233   233 E TimeStats: RenderEngineTimes are already at its maximum size[64]
10-07 11:31:07.497   233   233 E TimeStats: RenderEngineTimes are already at its maximum size[64]
10-07 11:31:07.514   233   233 E TimeStats: RenderEngineTimes are already at its maximum size[64]
10-07 11:31:07.530   233   233 E TimeStats: RenderEngineTimes are already at its maximum size[64]
10-07 11:31:07.547   233   233 E TimeStats: RenderEngineTimes are already at its maximum size[64]
10-07 11:31:07.564   233   233 E TimeStats: RenderEngineTimes are already at its maximum size[64]
10-07 11:31:07.581   233   233 E TimeStats: RenderEngineTimes are already at its maximum size[64]
10-07 11:31:07.597   233   233 E TimeStats: RenderEngineTimes are already at its maximum size[64]
10-07 11:31:07.614   233   233 E TimeStats: RenderEngineTimes are already at its maximum size[64]
10-07 11:31:07.630   233   233 E TimeStats: RenderEngineTimes are already at its maximum size[64]
10-07 11:31:07.647   233   233 E TimeStats: RenderEngineTimes are already at its maximum size[64]
10-07 11:31:07.664   233   233 E TimeStats: RenderEngineTimes are already at its maximum size[64]
10-07 11:31:07.681   233   233 E TimeStats: RenderEngineTimes are already at its maximum size[64]
10-07 11:31:07.697   233   233 E TimeStats: RenderEngineTimes are already at its maximum size[64]
10-07 11:31:07.714   233   233 E TimeStats: RenderEngineTimes are already at its maximum size[64]
10-07 11:31:07.731   233   233 E TimeStats: RenderEngineTimes are already at its maximum size[64]
10-07 11:31:07.747   233   233 E TimeStats: RenderEngineTimes are already at its maximum size[64]
10-07 11:31:07.764   233   233 E TimeStats: RenderEngineTimes are already at its maximum size[64]
10-07 11:31:07.780   233   233 E TimeStats: RenderEngineTimes are already at its maximum size[64]
10-07 11:31:07.797   233   233 E TimeStats: RenderEngineTimes are already at its maximum size[64]
10-07 11:31:07.814   233   233 E TimeStats: RenderEngineTimes are already at its maximum size[64]
10-07 11:31:07.831   233   233 E TimeStats: RenderEngineTimes are already at its maximum size[64]
10-07 11:31:07.844   233   281 D HostConnection: glGetError exceeded.
10-07 11:31:07.847   233   233 E TimeStats: RenderEngineTimes are already at its maximum size[64]
10-07 11:31:07.864   233   233 E TimeStats: RenderEngineTimes are already at its maximum size[64]
10-07 11:31:07.881   233   233 E TimeStats: RenderEngineTimes are already at its maximum size[64]
10-07 11:31:07.898   233   233 E TimeStats: RenderEngineTimes are already at its maximum size[64]
10-07 11:31:07.914   233   233 E TimeStats: RenderEngineTimes are already at its maximum size[64]
10-07 11:31:07.931   233   233 E TimeStats: RenderEngineTimes are already at its maximum size[64]
10-07 11:31:07.947   233   233 E TimeStats: RenderEngineTimes are already at its maximum size[64]
10-07 11:31:07.964   233   233 E TimeStats: RenderEngineTimes are already at its maximum size[64]
10-07 11:31:07.981   233   233 E TimeStats: RenderEngineTimes are already at its maximum size[64]
10-07 11:31:07.997   233   233 E TimeStats: RenderEngineTimes are already at its maximum size[64]
10-07 11:31:08.014   233   233 E TimeStats: RenderEngineTimes are already at its maximum size[64]
10-07 11:31:08.030   233   233 E TimeStats: RenderEngineTimes are already at its maximum size[64]
10-07 11:31:08.048   233   233 E TimeStats: RenderEngineTimes are already at its maximum size[64]
10-07 11:31:08.062   233   233 E TimeStats: RenderEngineTimes are already at its maximum size[64]
10-07 11:31:08.080   233   233 E TimeStats: RenderEngineTimes are already at its maximum size[64]
10-07 11:31:08.097   233   233 E TimeStats: RenderEngineTimes are already at its maximum size[64]
10-07 11:31:08.114   233   233 E TimeStats: RenderEngineTimes are already at its maximum size[64]
10-07 11:31:08.131   233   233 E TimeStats: RenderEngineTimes are already at its maximum size[64]
10-07 11:31:08.147   233   233 E TimeStats: RenderEngineTimes are already at its maximum size[64]
10-07 11:31:08.164   233   233 E TimeStats: RenderEngineTimes are already at its maximum size[64]
10-07 11:31:08.180   233   233 E TimeStats: RenderEngineTimes are already at its maximum size[64]
10-07 11:31:08.197   233   233 E TimeStats: RenderEngineTimes are already at its maximum size[64]
10-07 11:31:08.214   233   233 E TimeStats: RenderEngineTimes are already at its maximum size[64]
10-07 11:31:08.230   233   233 E TimeStats: RenderEngineTimes are already at its maximum size[64]
10-07 11:31:08.247   233   233 E TimeStats: RenderEngineTimes are already at its maximum size[64]
10-07 11:31:08.264   233   233 E TimeStats: RenderEngineTimes are already at its maximum size[64]
10-07 11:31:08.281   233   233 E TimeStats: RenderEngineTimes are already at its maximum size[64]
10-07 11:31:08.298   233   233 E TimeStats: RenderEngineTimes are already at its maximum size[64]
10-07 11:31:08.314   233   233 E TimeStats: RenderEngineTimes are already at its maximum size[64]
10-07 11:31:08.330   233   233 E TimeStats: RenderEngineTimes are already at its maximum size[64]
10-07 11:31:08.347   233   233 E TimeStats: RenderEngineTimes are already at its maximum size[64]
10-07 11:31:08.364   233   233 E TimeStats: RenderEngineTimes are already at its maximum size[64]
10-07 11:31:08.378   233   233 E TimeStats: RenderEngineTimes are already at its maximum size[64]
10-07 11:31:08.395   233   233 E TimeStats: RenderEngineTimes are already at its maximum size[64]
10-07 11:31:08.414   233   233 E TimeStats: RenderEngineTimes are already at its maximum size[64]
10-07 11:31:08.431   233   233 E TimeStats: RenderEngineTimes are already at its maximum size[64]
10-07 11:31:08.447   233   233 E TimeStats: RenderEngineTimes are already at its maximum size[64]
10-07 11:31:08.449  2379  2574 D HostConnection: glGetError exceeded.
10-07 11:31:08.460  1994  2159 I IPCThreadState: oneway function results for code 2 on binder at 0x79c33a2860e0 will be dropped but finished with status UNKNOWN_TRANSACTION
10-07 11:31:08.464   233   233 E TimeStats: RenderEngineTimes are already at its maximum size[64]
10-07 11:31:08.480   233   233 E TimeStats: RenderEngineTimes are already at its maximum size[64]
10-07 11:31:08.498   233   233 E TimeStats: RenderEngineTimes are already at its maximum size[64]
10-07 11:31:08.513   233   233 E TimeStats: RenderEngineTimes are already at its maximum size[64]
10-07 11:31:08.530   233   233 E TimeStats: RenderEngineTimes are already at its maximum size[64]
10-07 11:31:08.546   233   233 E TimeStats: RenderEngineTimes are already at its maximum size[64]
10-07 11:31:08.564   233   233 E TimeStats: RenderEngineTimes are already at its maximum size[64]
10-07 11:31:08.581   233   233 E TimeStats: RenderEngineTimes are already at its maximum size[64]
10-07 11:31:08.597   233   233 E TimeStats: RenderEngineTimes are already at its maximum size[64]
10-07 11:31:08.614   233   233 E TimeStats: RenderEngineTimes are already at its maximum size[64]
10-07 11:31:08.631   233   233 E TimeStats: RenderEngineTimes are already at its maximum size[64]
10-07 11:31:08.647   233   233 E TimeStats: RenderEngineTimes are already at its maximum size[64]
10-07 11:31:08.664   233   233 E TimeStats: RenderEngineTimes are already at its maximum size[64]
10-07 11:31:08.680   233   233 E TimeStats: RenderEngineTimes are already at its maximum size[64]
10-07 11:31:08.695   233   233 E TimeStats: RenderEngineTimes are already at its maximum size[64]
10-07 11:31:08.714   233   233 E TimeStats: RenderEngineTimes are already at its maximum size[64]
10-07 11:31:08.731   233   233 E TimeStats: RenderEngineTimes are already at its maximum size[64]
10-07 11:31:08.747   233   233 E TimeStats: RenderEngineTimes are already at its maximum size[64]
10-07 11:31:08.765   233   233 E TimeStats: RenderEngineTimes are already at its maximum size[64]
10-07 11:31:08.781   233   233 E TimeStats: RenderEngineTimes are already at its maximum size[64]
10-07 11:31:08.797   233   233 E TimeStats: RenderEngineTimes are already at its maximum size[64]
10-07 11:31:08.814   233   233 E TimeStats: RenderEngineTimes are already at its maximum size[64]
10-07 11:31:08.830   233   233 E TimeStats: RenderEngineTimes are already at its maximum size[64]
10-07 11:31:08.845   233   233 E TimeStats: RenderEngineTimes are already at its maximum size[64]
10-07 11:31:08.865   233   233 E TimeStats: RenderEngineTimes are already at its maximum size[64]
10-07 11:31:08.878   233   233 E TimeStats: RenderEngineTimes are already at its maximum size[64]
10-07 11:31:08.897   233   233 E TimeStats: RenderEngineTimes are already at its maximum size[64]
10-07 11:31:08.914   233   233 E TimeStats: RenderEngineTimes are already at its maximum size[64]
10-07 11:31:08.930   233   233 E TimeStats: RenderEngineTimes are already at its maximum size[64]
10-07 11:31:08.947   233   233 E TimeStats: RenderEngineTimes are already at its maximum size[64]
10-07 11:31:08.965   233   233 E TimeStats: RenderEngineTimes are already at its maximum size[64]
10-07 11:31:08.981   233   233 E TimeStats: RenderEngineTimes are already at its maximum size[64]
10-07 11:31:08.995   233   233 E TimeStats: RenderEngineTimes are already at its maximum size[64]
10-07 11:31:09.012   233   233 E TimeStats: RenderEngineTimes are already at its maximum size[64]
10-07 11:31:09.028   233   233 E TimeStats: RenderEngineTimes are already at its maximum size[64]
10-07 11:31:09.047   233   233 E TimeStats: RenderEngineTimes are already at its maximum size[64]
10-07 11:31:09.064   233   233 E TimeStats: RenderEngineTimes are already at its maximum size[64]
10-07 11:31:09.081   233   233 E TimeStats: RenderEngineTimes are already at its maximum size[64]
10-07 11:31:09.097   233   233 E TimeStats: RenderEngineTimes are already at its maximum size[64]
10-07 11:31:09.114   233   233 E TimeStats: RenderEngineTimes are already at its maximum size[64]
10-07 11:31:09.130   233   233 E TimeStats: RenderEngineTimes are already at its maximum size[64]
10-07 11:31:09.147   233   233 E TimeStats: RenderEngineTimes are already at its maximum size[64]
10-07 11:31:09.164   233   233 E TimeStats: RenderEngineTimes are already at its maximum size[64]
10-07 11:31:09.181   233   281 D HostConnection: glGetError exceeded.
10-07 11:31:09.181   233   233 E TimeStats: RenderEngineTimes are already at its maximum size[64]
10-07 11:31:09.197   233   233 E TimeStats: RenderEngineTimes are already at its maximum size[64]
10-07 11:31:09.212   233   233 E TimeStats: RenderEngineTimes are already at its maximum size[64]
10-07 11:31:09.229   233   233 E TimeStats: RenderEngineTimes are already at its maximum size[64]
10-07 11:31:09.246   233   233 E TimeStats: RenderEngineTimes are already at its maximum size[64]
10-07 11:31:09.261   233   233 E TimeStats: RenderEngineTimes are already at its maximum size[64]
10-07 11:31:09.279   233   233 E TimeStats: RenderEngineTimes are already at its maximum size[64]
10-07 11:31:09.295   233   233 E TimeStats: RenderEngineTimes are already at its maximum size[64]
10-07 11:31:09.312   233   233 E TimeStats: RenderEngineTimes are already at its maximum size[64]
10-07 11:31:09.330   233   233 E TimeStats: RenderEngineTimes are already at its maximum size[64]
10-07 11:31:09.347   233   233 E TimeStats: RenderEngineTimes are already at its maximum size[64]
10-07 11:31:09.364   233   233 E TimeStats: RenderEngineTimes are already at its maximum size[64]
10-07 11:31:09.380   233   233 E TimeStats: RenderEngineTimes are already at its maximum size[64]
10-07 11:31:09.394   233   233 E TimeStats: RenderEngineTimes are already at its maximum size[64]
10-07 11:31:09.415   233   233 E TimeStats: RenderEngineTimes are already at its maximum size[64]
10-07 11:31:09.432   233   233 E TimeStats: RenderEngineTimes are already at its maximum size[64]
10-07 11:31:09.444   233   233 E TimeStats: RenderEngineTimes are already at its maximum size[64]
10-07 11:31:09.464   233   233 E TimeStats: RenderEngineTimes are already at its maximum size[64]
10-07 11:31:09.480   233   233 E TimeStats: RenderEngineTimes are already at its maximum size[64]
10-07 11:31:09.494   233   233 E TimeStats: RenderEngineTimes are already at its maximum size[64]
10-07 11:31:09.512   233   233 E TimeStats: RenderEngineTimes are already at its maximum size[64]
10-07 11:31:09.528   233   233 E TimeStats: RenderEngineTimes are already at its maximum size[64]
10-07 11:31:09.547   233   233 E TimeStats: RenderEngineTimes are already at its maximum size[64]
10-07 11:31:09.564   233   233 E TimeStats: RenderEngineTimes are already at its maximum size[64]
10-07 11:31:09.566  2379  2574 D HostConnection: glGetError exceeded.
10-07 11:31:09.580   233   233 E TimeStats: RenderEngineTimes are already at its maximum size[64]
10-07 11:31:09.597   233   233 E TimeStats: RenderEngineTimes are already at its maximum size[64]
10-07 11:31:09.614   233   233 E TimeStats: RenderEngineTimes are already at its maximum size[64]
10-07 11:31:09.630   233   233 E TimeStats: RenderEngineTimes are already at its maximum size[64]
10-07 11:31:09.644   233   233 E TimeStats: RenderEngineTimes are already at its maximum size[64]
10-07 11:31:09.664   233   233 E TimeStats: RenderEngineTimes are already at its maximum size[64]
10-07 11:31:09.678   233   233 E TimeStats: RenderEngineTimes are already at its maximum size[64]
10-07 11:31:09.697   233   233 E TimeStats: RenderEngineTimes are already at its maximum size[64]
10-07 11:31:09.714   233   233 E TimeStats: RenderEngineTimes are already at its maximum size[64]
10-07 11:31:09.731   233   233 E TimeStats: RenderEngineTimes are already at its maximum size[64]
10-07 11:31:09.744   233   233 E TimeStats: RenderEngineTimes are already at its maximum size[64]
10-07 11:31:09.761   233   233 E TimeStats: RenderEngineTimes are already at its maximum size[64]
10-07 11:31:09.778   233   233 E TimeStats: RenderEngineTimes are already at its maximum size[64]
10-07 11:31:09.794   233   233 E TimeStats: RenderEngineTimes are already at its maximum size[64]
10-07 11:31:09.811   233   233 E TimeStats: RenderEngineTimes are already at its maximum size[64]
10-07 11:31:09.826   233   233 E TimeStats: RenderEngineTimes are already at its maximum size[64]
10-07 11:31:09.847   233   233 E TimeStats: RenderEngineTimes are already at its maximum size[64]
10-07 11:31:09.861   233   233 E TimeStats: RenderEngineTimes are already at its maximum size[64]
10-07 11:31:09.880   233   233 E TimeStats: RenderEngineTimes are already at its maximum size[64]
10-07 11:31:09.894   233   233 E TimeStats: RenderEngineTimes are already at its maximum size[64]
10-07 11:31:09.914   233   233 E TimeStats: RenderEngineTimes are already at its maximum size[64]
10-07 11:31:09.928   233   233 E TimeStats: RenderEngineTimes are already at its maximum size[64]
10-07 11:31:09.944   233   233 E TimeStats: RenderEngineTimes are already at its maximum size[64]
10-07 11:31:09.963   233   233 E TimeStats: RenderEngineTimes are already at its maximum size[64]
10-07 11:31:09.977   233   233 E TimeStats: RenderEngineTimes are already at its maximum size[64]
10-07 11:31:09.994   233   233 E TimeStats: RenderEngineTimes are already at its maximum size[64]
10-07 11:31:10.011   233   233 E TimeStats: RenderEngineTimes are already at its maximum size[64]
10-07 11:31:10.028   233   233 E TimeStats: RenderEngineTimes are already at its maximum size[64]
10-07 11:31:10.044   233   233 E TimeStats: RenderEngineTimes are already at its maximum size[64]
10-07 11:31:10.062   233   233 E TimeStats: RenderEngineTimes are already at its maximum size[64]
10-07 11:31:10.077   233   233 E TimeStats: RenderEngineTimes are already at its maximum size[64]
10-07 11:31:10.097   233   233 E TimeStats: RenderEngineTimes are already at its maximum size[64]
10-07 11:31:10.110   233   233 E TimeStats: RenderEngineTimes are already at its maximum size[64]
10-07 11:31:10.127   233   233 E TimeStats: RenderEngineTimes are already at its maximum size[64]
10-07 11:31:10.143   233   233 E TimeStats: RenderEngineTimes are already at its maximum size[64]
10-07 11:31:10.160   233   233 E TimeStats: RenderEngineTimes are already at its maximum size[64]
10-07 11:31:10.181   233   233 E TimeStats: RenderEngineTimes are already at its maximum size[64]
10-07 11:31:10.196   233   233 E TimeStats: RenderEngineTimes are already at its maximum size[64]
10-07 11:31:10.210   233   233 E TimeStats: RenderEngineTimes are already at its maximum size[64]
10-07 11:31:10.227   233   233 E TimeStats: RenderEngineTimes are already at its maximum size[64]
10-07 11:31:10.243   233   233 E TimeStats: RenderEngineTimes are already at its maximum size[64]
10-07 11:31:10.264   233   233 E TimeStats: RenderEngineTimes are already at its maximum size[64]
10-07 11:31:10.278   233   233 E TimeStats: RenderEngineTimes are already at its maximum size[64]
10-07 11:31:10.293   233   233 E TimeStats: RenderEngineTimes are already at its maximum size[64]
10-07 11:31:10.310   233   233 E TimeStats: RenderEngineTimes are already at its maximum size[64]
10-07 11:31:10.328   233   233 E TimeStats: RenderEngineTimes are already at its maximum size[64]
10-07 11:31:10.348   233   233 E TimeStats: RenderEngineTimes are already at its maximum size[64]
10-07 11:31:10.362   233   233 E TimeStats: RenderEngineTimes are already at its maximum size[64]
10-07 11:31:10.376   233   233 E TimeStats: RenderEngineTimes are already at its maximum size[64]
10-07 11:31:10.395   233   233 E TimeStats: RenderEngineTimes are already at its maximum size[64]
10-07 11:31:10.410   233   233 E TimeStats: RenderEngineTimes are already at its maximum size[64]
10-07 11:31:10.428   233   233 E TimeStats: RenderEngineTimes are already at its maximum size[64]
10-07 11:31:10.443   233   233 E TimeStats: RenderEngineTimes are already at its maximum size[64]
10-07 11:31:10.461   233   233 E TimeStats: RenderEngineTimes are already at its maximum size[64]
10-07 11:31:10.476   233   233 E TimeStats: RenderEngineTimes are already at its maximum size[64]
10-07 11:31:10.493   233   233 E TimeStats: RenderEngineTimes are already at its maximum size[64]
10-07 11:31:10.510   233   233 E TimeStats: RenderEngineTimes are already at its maximum size[64]
10-07 11:31:10.525   233   281 D HostConnection: glGetError exceeded.
10-07 11:31:10.527   233   233 E TimeStats: RenderEngineTimes are already at its maximum size[64]
10-07 11:31:10.543   233   233 E TimeStats: RenderEngineTimes are already at its maximum size[64]
10-07 11:31:10.564   233   233 E TimeStats: RenderEngineTimes are already at its maximum size[64]
10-07 11:31:10.576   233   233 E TimeStats: RenderEngineTimes are already at its maximum size[64]
10-07 11:31:10.595   233   233 E TimeStats: RenderEngineTimes are already at its maximum size[64]
10-07 11:31:10.610   233   233 E TimeStats: RenderEngineTimes are already at its maximum size[64]
10-07 11:31:10.628   233   233 E TimeStats: RenderEngineTimes are already at its maximum size[64]
10-07 11:31:10.647   233   233 E TimeStats: RenderEngineTimes are already at its maximum size[64]
10-07 11:31:10.659   233   233 E TimeStats: RenderEngineTimes are already at its maximum size[64]
10-07 11:31:10.677   233   233 E TimeStats: RenderEngineTimes are already at its maximum size[64]
10-07 11:31:10.680  2379  2574 D HostConnection: glGetError exceeded.
10-07 11:31:10.693   233   233 E TimeStats: RenderEngineTimes are already at its maximum size[64]
10-07 11:31:10.715   233   233 E TimeStats: RenderEngineTimes are already at its maximum size[64]
10-07 11:31:10.727   233   233 E TimeStats: RenderEngineTimes are already at its maximum size[64]
10-07 11:31:10.744   233   233 E TimeStats: RenderEngineTimes are already at its maximum size[64]
10-07 11:31:10.759   233   233 E TimeStats: RenderEngineTimes are already at its maximum size[64]
10-07 11:31:10.780   233   233 E TimeStats: RenderEngineTimes are already at its maximum size[64]
10-07 11:31:10.794   233   233 E TimeStats: RenderEngineTimes are already at its maximum size[64]
10-07 11:31:10.809   233   233 E TimeStats: RenderEngineTimes are already at its maximum size[64]
10-07 11:31:10.826   233   233 E TimeStats: RenderEngineTimes are already at its maximum size[64]
10-07 11:31:10.842   233   233 E TimeStats: RenderEngineTimes are already at its maximum size[64]
10-07 11:31:10.859   233   233 E TimeStats: RenderEngineTimes are already at its maximum size[64]
10-07 11:31:10.877   233   233 E TimeStats: RenderEngineTimes are already at its maximum size[64]
10-07 11:31:10.892   233   233 E TimeStats: RenderEngineTimes are already at its maximum size[64]
10-07 11:31:10.910   233   233 E TimeStats: RenderEngineTimes are already at its maximum size[64]
10-07 11:31:10.928   233   233 E TimeStats: RenderEngineTimes are already at its maximum size[64]
10-07 11:31:10.943   233   233 E TimeStats: RenderEngineTimes are already at its maximum size[64]
10-07 11:31:10.960   233   233 E TimeStats: RenderEngineTimes are already at its maximum size[64]
10-07 11:31:10.976   233   233 E TimeStats: RenderEngineTimes are already at its maximum size[64]
10-07 11:31:10.993   233   233 E TimeStats: RenderEngineTimes are already at its maximum size[64]
10-07 11:31:11.010   233   233 E TimeStats: RenderEngineTimes are already at its maximum size[64]
10-07 11:31:11.026   233   233 E TimeStats: RenderEngineTimes are already at its maximum size[64]
10-07 11:31:11.042   233   233 E TimeStats: RenderEngineTimes are already at its maximum size[64]
10-07 11:31:11.059   233   233 E TimeStats: RenderEngineTimes are already at its maximum size[64]
10-07 11:31:11.076   233   233 E TimeStats: RenderEngineTimes are already at its maximum size[64]
10-07 11:31:11.092   233   233 E TimeStats: RenderEngineTimes are already at its maximum size[64]
10-07 11:31:11.109   233   233 E TimeStats: RenderEngineTimes are already at its maximum size[64]
10-07 11:31:11.126   233   233 E TimeStats: RenderEngineTimes are already at its maximum size[64]
10-07 11:31:11.142   233   233 E TimeStats: RenderEngineTimes are already at its maximum size[64]
10-07 11:31:11.159   233   233 E TimeStats: RenderEngineTimes are already at its maximum size[64]
10-07 11:31:11.177   233   233 E TimeStats: RenderEngineTimes are already at its maximum size[64]
10-07 11:31:11.192   233   233 E TimeStats: RenderEngineTimes are already at its maximum size[64]
10-07 11:31:11.209   233   233 E TimeStats: RenderEngineTimes are already at its maximum size[64]
10-07 11:31:11.226   233   233 E TimeStats: RenderEngineTimes are already at its maximum size[64]
10-07 11:31:11.243   233   233 E TimeStats: RenderEngineTimes are already at its maximum size[64]
10-07 11:31:11.259   233   233 E TimeStats: RenderEngineTimes are already at its maximum size[64]
10-07 11:31:11.275   233   233 E TimeStats: RenderEngineTimes are already at its maximum size[64]
10-07 11:31:11.292   233   233 E TimeStats: RenderEngineTimes are already at its maximum size[64]
10-07 11:31:11.309   233   233 E TimeStats: RenderEngineTimes are already at its maximum size[64]
10-07 11:31:11.325   233   233 E TimeStats: RenderEngineTimes are already at its maximum size[64]
10-07 11:31:11.342   233   233 E TimeStats: RenderEngineTimes are already at its maximum size[64]
10-07 11:31:11.359   233   233 E TimeStats: RenderEngineTimes are already at its maximum size[64]
10-07 11:31:11.376   233   233 E TimeStats: RenderEngineTimes are already at its maximum size[64]
10-07 11:31:11.393   233   233 E TimeStats: RenderEngineTimes are already at its maximum size[64]
10-07 11:31:11.411   233   233 E TimeStats: RenderEngineTimes are already at its maximum size[64]
10-07 11:31:11.426   233   233 E TimeStats: RenderEngineTimes are already at its maximum size[64]
10-07 11:31:11.444   233   233 E TimeStats: RenderEngineTimes are already at its maximum size[64]
10-07 11:31:11.459   233   233 E TimeStats: RenderEngineTimes are already at its maximum size[64]
10-07 11:31:11.479   233   233 E TimeStats: RenderEngineTimes are already at its maximum size[64]
10-07 11:31:11.495   233   233 E TimeStats: RenderEngineTimes are already at its maximum size[64]
10-07 11:31:11.511   233   233 E TimeStats: RenderEngineTimes are already at its maximum size[64]
10-07 11:31:11.528   233   233 E TimeStats: RenderEngineTimes are already at its maximum size[64]
10-07 11:31:11.543   233   233 E TimeStats: RenderEngineTimes are already at its maximum size[64]
10-07 11:31:11.559   233   233 E TimeStats: RenderEngineTimes are already at its maximum size[64]
10-07 11:31:11.576   233   233 E TimeStats: RenderEngineTimes are already at its maximum size[64]
10-07 11:31:11.594   233   233 E TimeStats: RenderEngineTimes are already at its maximum size[64]
10-07 11:31:11.610   233   233 E TimeStats: RenderEngineTimes are already at its maximum size[64]
10-07 11:31:11.627   233   233 E TimeStats: RenderEngineTimes are already at its maximum size[64]
10-07 11:31:11.644   233   233 E TimeStats: RenderEngineTimes are already at its maximum size[64]
10-07 11:31:11.660   233   233 E TimeStats: RenderEngineTimes are already at its maximum size[64]
10-07 11:31:11.677   233   233 E TimeStats: RenderEngineTimes are already at its maximum size[64]
10-07 11:31:11.693   233   233 E TimeStats: RenderEngineTimes are already at its maximum size[64]
10-07 11:31:11.708   233   233 E TimeStats: RenderEngineTimes are already at its maximum size[64]
10-07 11:31:11.727   233   233 E TimeStats: RenderEngineTimes are already at its maximum size[64]
10-07 11:31:11.742   233   233 E TimeStats: RenderEngineTimes are already at its maximum size[64]
10-07 11:31:11.759   233   233 E TimeStats: RenderEngineTimes are already at its maximum size[64]
10-07 11:31:11.792   233   233 E TimeStats: RenderEngineTimes are already at its maximum size[64]
10-07 11:31:11.798  2379  2574 D HostConnection: glGetError exceeded.
10-07 11:31:11.809   233   233 E TimeStats: RenderEngineTimes are already at its maximum size[64]
10-07 11:31:11.828   233   233 E TimeStats: RenderEngineTimes are already at its maximum size[64]
10-07 11:31:11.844   233   233 E TimeStats: RenderEngineTimes are already at its maximum size[64]
10-07 11:31:11.859   233   233 E TimeStats: RenderEngineTimes are already at its maximum size[64]
10-07 11:31:11.874   233   281 D HostConnection: glGetError exceeded.
10-07 11:31:11.876   233   233 E TimeStats: RenderEngineTimes are already at its maximum size[64]
10-07 11:31:11.891   233   233 E TimeStats: RenderEngineTimes are already at its maximum size[64]
10-07 11:31:11.909   233   233 E TimeStats: RenderEngineTimes are already at its maximum size[64]
10-07 11:31:11.926   233   233 E TimeStats: RenderEngineTimes are already at its maximum size[64]
10-07 11:31:11.942   233   233 E TimeStats: RenderEngineTimes are already at its maximum size[64]
10-07 11:31:11.958   233   233 E TimeStats: RenderEngineTimes are already at its maximum size[64]
10-07 11:31:11.976   233   233 E TimeStats: RenderEngineTimes are already at its maximum size[64]
10-07 11:31:11.992   233   233 E TimeStats: RenderEngineTimes are already at its maximum size[64]
10-07 11:31:12.009   233   233 E TimeStats: RenderEngineTimes are already at its maximum size[64]
10-07 11:31:12.026   233   233 E TimeStats: RenderEngineTimes are already at its maximum size[64]
10-07 11:31:12.044   233   233 E TimeStats: RenderEngineTimes are already at its maximum size[64]
10-07 11:31:12.065   233   233 E TimeStats: RenderEngineTimes are already at its maximum size[64]
10-07 11:31:12.075   233   233 E TimeStats: RenderEngineTimes are already at its maximum size[64]
10-07 11:31:12.092   233   233 E TimeStats: RenderEngineTimes are already at its maximum size[64]
10-07 11:31:12.108   233   233 E TimeStats: RenderEngineTimes are already at its maximum size[64]
10-07 11:31:12.125   233   233 E TimeStats: RenderEngineTimes are already at its maximum size[64]
10-07 11:31:12.136   400   458 D OomAdjuster: Not killing cached processes
10-07 11:31:12.136   400   458 W ProcessStats: Tracking association SourceState{6200896 com.google.android.gms/10042 BTop #1639} whose proc state 2 is better than process ProcessState{30f8d03 com.android.chrome:sandboxed_process0:org.chromium.content.app.SandboxedProcessService0:0/10042 pkg=com.google.android.gms} proc state 14 (95 skipped)
10-07 11:31:12.141   233   233 E TimeStats: RenderEngineTimes are already at its maximum size[64]
10-07 11:31:12.158   233   233 E TimeStats: RenderEngineTimes are already at its maximum size[64]
10-07 11:31:12.175   233   233 E TimeStats: RenderEngineTimes are already at its maximum size[64]
10-07 11:31:12.178   400   469 D ActivityManager: freezing 1327 com.google.process.gapps
10-07 11:31:12.179   400   469 D ActivityManager: freezing 1283 android.process.media
10-07 11:31:12.193   233   233 E TimeStats: RenderEngineTimes are already at its maximum size[64]
10-07 11:31:12.210   233   233 E TimeStats: RenderEngineTimes are already at its maximum size[64]
10-07 11:31:12.225   233   233 E TimeStats: RenderEngineTimes are already at its maximum size[64]
10-07 11:31:12.242   233   233 E TimeStats: RenderEngineTimes are already at its maximum size[64]
10-07 11:31:12.258   233   233 E TimeStats: RenderEngineTimes are already at its maximum size[64]
10-07 11:31:12.275   233   233 E TimeStats: RenderEngineTimes are already at its maximum size[64]
10-07 11:31:12.292   233   233 E TimeStats: RenderEngineTimes are already at its maximum size[64]
10-07 11:31:12.308   233   233 E TimeStats: RenderEngineTimes are already at its maximum size[64]
10-07 11:31:12.324   233   233 E TimeStats: RenderEngineTimes are already at its maximum size[64]
10-07 11:31:12.341   233   233 E TimeStats: RenderEngineTimes are already at its maximum size[64]
10-07 11:31:12.359   233   233 E TimeStats: RenderEngineTimes are already at its maximum size[64]
10-07 11:31:12.375   233   233 E TimeStats: RenderEngineTimes are already at its maximum size[64]
10-07 11:31:12.392   233   233 E TimeStats: RenderEngineTimes are already at its maximum size[64]
10-07 11:31:12.408   233   233 E TimeStats: RenderEngineTimes are already at its maximum size[64]
10-07 11:31:12.424   233   233 E TimeStats: RenderEngineTimes are already at its maximum size[64]
10-07 11:31:12.442   233   233 E TimeStats: RenderEngineTimes are already at its maximum size[64]
10-07 11:31:12.459   233   233 E TimeStats: RenderEngineTimes are already at its maximum size[64]
10-07 11:31:12.475   233   233 E TimeStats: RenderEngineTimes are already at its maximum size[64]
10-07 11:31:12.491   233   233 E TimeStats: RenderEngineTimes are already at its maximum size[64]
10-07 11:31:12.508   233   233 E TimeStats: RenderEngineTimes are already at its maximum size[64]
10-07 11:31:12.525   233   233 E TimeStats: RenderEngineTimes are already at its maximum size[64]
10-07 11:31:12.541   233   233 E TimeStats: RenderEngineTimes are already at its maximum size[64]
10-07 11:31:12.558   233   233 E TimeStats: RenderEngineTimes are already at its maximum size[64]
10-07 11:31:12.575   233   233 E TimeStats: RenderEngineTimes are already at its maximum size[64]
10-07 11:31:12.592   233   233 E TimeStats: RenderEngineTimes are already at its maximum size[64]
10-07 11:31:12.610   233   233 E TimeStats: RenderEngineTimes are already at its maximum size[64]
10-07 11:31:12.626   233   233 E TimeStats: RenderEngineTimes are already at its maximum size[64]
10-07 11:31:12.641   233   233 E TimeStats: RenderEngineTimes are already at its maximum size[64]
10-07 11:31:12.659   233   233 E TimeStats: RenderEngineTimes are already at its maximum size[64]
10-07 11:31:12.675   233   233 E TimeStats: RenderEngineTimes are already at its maximum size[64]
10-07 11:31:12.692   233   233 E TimeStats: RenderEngineTimes are already at its maximum size[64]
10-07 11:31:12.709   233   233 E TimeStats: RenderEngineTimes are already at its maximum size[64]
10-07 11:31:12.726   233   233 E TimeStats: RenderEngineTimes are already at its maximum size[64]
10-07 11:31:12.742   233   233 E TimeStats: RenderEngineTimes are already at its maximum size[64]
10-07 11:31:12.761   233   233 E TimeStats: RenderEngineTimes are already at its maximum size[64]
10-07 11:31:12.774   233   233 E TimeStats: RenderEngineTimes are already at its maximum size[64]
10-07 11:31:12.792   233   233 E TimeStats: RenderEngineTimes are already at its maximum size[64]
10-07 11:31:12.807   233   233 E TimeStats: RenderEngineTimes are already at its maximum size[64]
10-07 11:31:12.824   233   233 E TimeStats: RenderEngineTimes are already at its maximum size[64]
10-07 11:31:12.842   233   233 E TimeStats: RenderEngineTimes are already at its maximum size[64]
10-07 11:31:12.859   233   233 E TimeStats: RenderEngineTimes are already at its maximum size[64]
10-07 11:31:12.876   233   233 E TimeStats: RenderEngineTimes are already at its maximum size[64]
10-07 11:31:12.892   233   233 E TimeStats: RenderEngineTimes are already at its maximum size[64]
10-07 11:31:12.908   233   233 E TimeStats: RenderEngineTimes are already at its maximum size[64]
10-07 11:31:12.913  2379  2574 D HostConnection: glGetError exceeded.
10-07 11:31:12.926   233   233 E TimeStats: RenderEngineTimes are already at its maximum size[64]
10-07 11:31:12.940   233   233 E TimeStats: RenderEngineTimes are already at its maximum size[64]
10-07 11:31:12.958   233   233 E TimeStats: RenderEngineTimes are already at its maximum size[64]
10-07 11:31:12.976   233   233 E TimeStats: RenderEngineTimes are already at its maximum size[64]
10-07 11:31:12.993   233   233 E TimeStats: RenderEngineTimes are already at its maximum size[64]
10-07 11:31:13.008   233   233 E TimeStats: RenderEngineTimes are already at its maximum size[64]
10-07 11:31:13.024   233   233 E TimeStats: RenderEngineTimes are already at its maximum size[64]
10-07 11:31:13.043   233   233 E TimeStats: RenderEngineTimes are already at its maximum size[64]
10-07 11:31:13.057   233   233 E TimeStats: RenderEngineTimes are already at its maximum size[64]
10-07 11:31:13.075   233   233 E TimeStats: RenderEngineTimes are already at its maximum size[64]
10-07 11:31:13.092   233   233 E TimeStats: RenderEngineTimes are already at its maximum size[64]
10-07 11:31:13.107   233   233 E TimeStats: RenderEngineTimes are already at its maximum size[64]
10-07 11:31:13.124   233   233 E TimeStats: RenderEngineTimes are already at its maximum size[64]
10-07 11:31:13.141   233   233 E TimeStats: RenderEngineTimes are already at its maximum size[64]
10-07 11:31:13.157   233   233 E TimeStats: RenderEngineTimes are already at its maximum size[64]
10-07 11:31:13.175   233   233 E TimeStats: RenderEngineTimes are already at its maximum size[64]
10-07 11:31:13.192   233   233 E TimeStats: RenderEngineTimes are already at its maximum size[64]
10-07 11:31:13.207   233   281 D HostConnection: glGetError exceeded.
10-07 11:31:13.209   233   233 E TimeStats: RenderEngineTimes are already at its maximum size[64]
10-07 11:31:13.224   233   233 E TimeStats: RenderEngineTimes are already at its maximum size[64]
10-07 11:31:13.241   233   233 E TimeStats: RenderEngineTimes are already at its maximum size[64]
10-07 11:31:13.258   233   233 E TimeStats: RenderEngineTimes are already at its maximum size[64]
10-07 11:31:13.274   233   233 E TimeStats: RenderEngineTimes are already at its maximum size[64]
10-07 11:31:13.292   233   233 E TimeStats: RenderEngineTimes are already at its maximum size[64]
10-07 11:31:13.307   233   233 E TimeStats: RenderEngineTimes are already at its maximum size[64]
10-07 11:31:13.324   233   233 E TimeStats: RenderEngineTimes are already at its maximum size[64]
10-07 11:31:13.342   233   233 E TimeStats: RenderEngineTimes are already at its maximum size[64]
10-07 11:31:13.357   233   233 E TimeStats: RenderEngineTimes are already at its maximum size[64]
10-07 11:31:13.375   233   233 E TimeStats: RenderEngineTimes are already at its maximum size[64]
10-07 11:31:13.392   233   233 E TimeStats: RenderEngineTimes are already at its maximum size[64]
10-07 11:31:13.407   233   233 E TimeStats: RenderEngineTimes are already at its maximum size[64]
10-07 11:31:13.424   233   233 E TimeStats: RenderEngineTimes are already at its maximum size[64]
10-07 11:31:13.440   233   233 E TimeStats: RenderEngineTimes are already at its maximum size[64]
10-07 11:31:13.456   233   233 E TimeStats: RenderEngineTimes are already at its maximum size[64]
10-07 11:31:13.474   233   233 E TimeStats: RenderEngineTimes are already at its maximum size[64]
10-07 11:31:13.491   233   233 E TimeStats: RenderEngineTimes are already at its maximum size[64]
10-07 11:31:13.507   233   233 E TimeStats: RenderEngineTimes are already at its maximum size[64]
10-07 11:31:13.523   233   233 E TimeStats: RenderEngineTimes are already at its maximum size[64]
10-07 11:31:13.542   233   233 E TimeStats: RenderEngineTimes are already at its maximum size[64]
10-07 11:31:13.558   233   233 E TimeStats: RenderEngineTimes are already at its maximum size[64]
10-07 11:31:13.574   233   233 E TimeStats: RenderEngineTimes are already at its maximum size[64]
10-07 11:31:13.590   233   233 E TimeStats: RenderEngineTimes are already at its maximum size[64]
10-07 11:31:13.624   233   233 E TimeStats: RenderEngineTimes are already at its maximum size[64]
10-07 11:31:13.642   233   233 E TimeStats: RenderEngineTimes are already at its maximum size[64]
10-07 11:31:13.657   233   233 E TimeStats: RenderEngineTimes are already at its maximum size[64]
10-07 11:31:13.674   233   233 E TimeStats: RenderEngineTimes are already at its maximum size[64]
10-07 11:31:13.691   233   233 E TimeStats: RenderEngineTimes are already at its maximum size[64]
10-07 11:31:13.708   233   233 E TimeStats: RenderEngineTimes are already at its maximum size[64]
10-07 11:31:13.725   233   233 E TimeStats: RenderEngineTimes are already at its maximum size[64]
10-07 11:31:13.741   233   233 E TimeStats: RenderEngineTimes are already at its maximum size[64]
10-07 11:31:13.757   233   233 E TimeStats: RenderEngineTimes are already at its maximum size[64]
10-07 11:31:13.774   233   233 E TimeStats: RenderEngineTimes are already at its maximum size[64]
10-07 11:31:13.793   233   233 E TimeStats: RenderEngineTimes are already at its maximum size[64]
10-07 11:31:13.808   233   233 E TimeStats: RenderEngineTimes are already at its maximum size[64]
10-07 11:31:13.824   233   233 E TimeStats: RenderEngineTimes are already at its maximum size[64]
10-07 11:31:13.842   233   233 E TimeStats: RenderEngineTimes are already at its maximum size[64]
10-07 11:31:13.857   233   233 E TimeStats: RenderEngineTimes are already at its maximum size[64]
10-07 11:31:13.874   233   233 E TimeStats: RenderEngineTimes are already at its maximum size[64]
10-07 11:31:13.892   233   233 E TimeStats: RenderEngineTimes are already at its maximum size[64]
10-07 11:31:13.908   233   233 E TimeStats: RenderEngineTimes are already at its maximum size[64]
10-07 11:31:13.924   233   233 E TimeStats: RenderEngineTimes are already at its maximum size[64]
10-07 11:31:13.941   233   233 E TimeStats: RenderEngineTimes are already at its maximum size[64]
10-07 11:31:13.957   233   233 E TimeStats: RenderEngineTimes are already at its maximum size[64]
10-07 11:31:13.974   233   233 E TimeStats: RenderEngineTimes are already at its maximum size[64]
10-07 11:31:13.990   233   233 E TimeStats: RenderEngineTimes are already at its maximum size[64]
10-07 11:31:14.007   233   233 E TimeStats: RenderEngineTimes are already at its maximum size[64]
10-07 11:31:14.024   233   233 E TimeStats: RenderEngineTimes are already at its maximum size[64]
10-07 11:31:14.041   233   233 E TimeStats: RenderEngineTimes are already at its maximum size[64]
10-07 11:31:14.044  2379  2574 D HostConnection: glGetError exceeded.
10-07 11:31:14.058   233   233 E TimeStats: RenderEngineTimes are already at its maximum size[64]
10-07 11:31:14.073   233   233 E TimeStats: RenderEngineTimes are already at its maximum size[64]
10-07 11:31:14.089   233   233 E TimeStats: RenderEngineTimes are already at its maximum size[64]
10-07 11:31:14.108   233   233 E TimeStats: RenderEngineTimes are already at its maximum size[64]
10-07 11:31:14.124   233   233 E TimeStats: RenderEngineTimes are already at its maximum size[64]
10-07 11:31:14.140   233   233 E TimeStats: RenderEngineTimes are already at its maximum size[64]
10-07 11:31:14.158   233   233 E TimeStats: RenderEngineTimes are already at its maximum size[64]
10-07 11:31:14.173   233   233 E TimeStats: RenderEngineTimes are already at its maximum size[64]
10-07 11:31:14.190   233   233 E TimeStats: RenderEngineTimes are already at its maximum size[64]
10-07 11:31:14.223   233   233 E TimeStats: RenderEngineTimes are already at its maximum size[64]
10-07 11:31:14.240   233   233 E TimeStats: RenderEngineTimes are already at its maximum size[64]
10-07 11:31:14.258   233   233 E TimeStats: RenderEngineTimes are already at its maximum size[64]
10-07 11:31:14.274   233   233 E TimeStats: RenderEngineTimes are already at its maximum size[64]
10-07 11:31:14.290   233   233 E TimeStats: RenderEngineTimes are already at its maximum size[64]
10-07 11:31:14.306   233   233 E TimeStats: RenderEngineTimes are already at its maximum size[64]
10-07 11:31:14.323   233   233 E TimeStats: RenderEngineTimes are already at its maximum size[64]
